[INFO] Scanning for projects...
[INFO] 
[INFO] ---------------< com.integwise:vendor-price-aggregator >----------------
[INFO] Building vendor-price-aggregator 0.0.1-SNAPSHOT
[INFO] --------------------------------[ jar ]---------------------------------
[WARNING] The artifact org.apache.commons:commons-io:jar:1.3.2 has been relocated to commons-io:commons-io:jar:1.3.2
[INFO] 
[INFO] --- maven-resources-plugin:3.2.0:resources (default-resources) @ vendor-price-aggregator ---
[INFO] Using 'UTF-8' encoding to copy filtered resources.
[INFO] Using 'UTF-8' encoding to copy filtered properties files.
[INFO] Copying 1 resource
[INFO] Copying 2 resources
[INFO] The encoding used to copy filtered properties files have not been set. This means that the same encoding will be used to copy filtered properties files as when copying other filtered resources. This might not be what you want! Run your build with --debug to see which files might be affected. Read more at https://maven.apache.org/plugins/maven-resources-plugin/examples/filtering-properties-files.html
[INFO] 
[INFO] --- maven-compiler-plugin:3.8.1:compile (default-compile) @ vendor-price-aggregator ---
[INFO] Nothing to compile - all classes are up to date
[INFO] 
[INFO] --- maven-resources-plugin:3.2.0:testResources (default-testResources) @ vendor-price-aggregator ---
[INFO] Using 'UTF-8' encoding to copy filtered resources.
[INFO] Using 'UTF-8' encoding to copy filtered properties files.
[INFO] Copying 1 resource
[INFO] 
[INFO] --- maven-compiler-plugin:3.8.1:testCompile (default-testCompile) @ vendor-price-aggregator ---
[INFO] Nothing to compile - all classes are up to date
[INFO] 
[INFO] --- maven-surefire-plugin:2.22.2:test (default-test) @ vendor-price-aggregator ---
[INFO] 
[INFO] -------------------------------------------------------
[INFO]  T E S T S
[INFO] -------------------------------------------------------
[INFO] Running com.integwise.aggregator.controller.PriceDataControllerTest
00:06:40.908 [main] DEBUG org.springframework.test.context.BootstrapUtils - Instantiating CacheAwareContextLoaderDelegate from class [org.springframework.test.context.cache.DefaultCacheAwareContextLoaderDelegate]
00:06:40.923 [main] DEBUG org.springframework.test.context.BootstrapUtils - Instantiating BootstrapContext using constructor [public org.springframework.test.context.support.DefaultBootstrapContext(java.lang.Class,org.springframework.test.context.CacheAwareContextLoaderDelegate)]
00:06:40.961 [main] DEBUG org.springframework.test.context.BootstrapUtils - Instantiating TestContextBootstrapper for test class [com.integwise.aggregator.controller.PriceDataControllerTest] from class [org.springframework.boot.test.context.SpringBootTestContextBootstrapper]
00:06:40.973 [main] INFO org.springframework.boot.test.context.SpringBootTestContextBootstrapper - Neither @ContextConfiguration nor @ContextHierarchy found for test class [com.integwise.aggregator.controller.PriceDataControllerTest], using SpringBootContextLoader
00:06:40.976 [main] DEBUG org.springframework.test.context.support.AbstractContextLoader - Did not detect default resource location for test class [com.integwise.aggregator.controller.PriceDataControllerTest]: class path resource [com/integwise/aggregator/controller/PriceDataControllerTest-context.xml] does not exist
00:06:40.976 [main] DEBUG org.springframework.test.context.support.AbstractContextLoader - Did not detect default resource location for test class [com.integwise.aggregator.controller.PriceDataControllerTest]: class path resource [com/integwise/aggregator/controller/PriceDataControllerTestContext.groovy] does not exist
00:06:40.977 [main] INFO org.springframework.test.context.support.AbstractContextLoader - Could not detect default resource locations for test class [com.integwise.aggregator.controller.PriceDataControllerTest]: no resource found for suffixes {-context.xml, Context.groovy}.
00:06:41.029 [main] DEBUG org.springframework.test.context.support.ActiveProfilesUtils - Could not find an 'annotation declaring class' for annotation type [org.springframework.test.context.ActiveProfiles] and class [com.integwise.aggregator.controller.PriceDataControllerTest]
00:06:41.175 [main] DEBUG org.springframework.boot.test.context.SpringBootTestContextBootstrapper - @TestExecutionListeners is not present for class [com.integwise.aggregator.controller.PriceDataControllerTest]: using defaults.
00:06:41.175 [main] INFO org.springframework.boot.test.context.SpringBootTestContextBootstrapper - Loaded default TestExecutionListener class names from location [META-INF/spring.factories]: [org.springframework.boot.test.mock.mockito.MockitoTestExecutionListener, org.springframework.boot.test.mock.mockito.ResetMocksTestExecutionListener, org.springframework.boot.test.autoconfigure.restdocs.RestDocsTestExecutionListener, org.springframework.boot.test.autoconfigure.web.client.MockRestServiceServerResetTestExecutionListener, org.springframework.boot.test.autoconfigure.web.servlet.MockMvcPrintOnlyOnFailureTestExecutionListener, org.springframework.boot.test.autoconfigure.web.servlet.WebDriverTestExecutionListener, org.springframework.boot.test.autoconfigure.webservices.client.MockWebServiceServerTestExecutionListener, org.springframework.test.context.web.ServletTestExecutionListener, org.springframework.test.context.support.DirtiesContextBeforeModesTestExecutionListener, org.springframework.test.context.support.DependencyInjectionTestExecutionListener, org.springframework.test.context.support.DirtiesContextTestExecutionListener, org.springframework.test.context.transaction.TransactionalTestExecutionListener, org.springframework.test.context.jdbc.SqlScriptsTestExecutionListener, org.springframework.test.context.event.EventPublishingTestExecutionListener]
00:06:41.189 [main] INFO org.springframework.boot.test.context.SpringBootTestContextBootstrapper - Using TestExecutionListeners: [org.springframework.test.context.web.ServletTestExecutionListener@3f6f6701, org.springframework.test.context.support.DirtiesContextBeforeModesTestExecutionListener@3527942a, org.springframework.boot.test.mock.mockito.MockitoTestExecutionListener@942a29c, org.springframework.boot.test.autoconfigure.SpringBootDependencyInjectionTestExecutionListener@1ed6388a, org.springframework.test.context.support.DirtiesContextTestExecutionListener@5a45133e, org.springframework.test.context.transaction.TransactionalTestExecutionListener@534a5a98, org.springframework.test.context.jdbc.SqlScriptsTestExecutionListener@4f80542f, org.springframework.test.context.event.EventPublishingTestExecutionListener@60bd273d, org.springframework.boot.test.mock.mockito.ResetMocksTestExecutionListener@121314f7, org.springframework.boot.test.autoconfigure.restdocs.RestDocsTestExecutionListener@130c12b7, org.springframework.boot.test.autoconfigure.web.client.MockRestServiceServerResetTestExecutionListener@5e600dd5, org.springframework.boot.test.autoconfigure.web.servlet.MockMvcPrintOnlyOnFailureTestExecutionListener@576d5deb, org.springframework.boot.test.autoconfigure.web.servlet.WebDriverTestExecutionListener@5d534f5d, org.springframework.boot.test.autoconfigure.webservices.client.MockWebServiceServerTestExecutionListener@2e3967ea]
00:06:41.192 [main] DEBUG org.springframework.test.context.support.AbstractDirtiesContextTestExecutionListener - Before test class: context [DefaultTestContext@65c7a252 testClass = PriceDataControllerTest, testInstance = [null], testMethod = [null], testException = [null], mergedContextConfiguration = [WebMergedContextConfiguration@4d154ccd testClass = PriceDataControllerTest, locations = '{}', classes = '{class com.integwise.aggregator.Application, class com.integwise.aggregator.Application}', contextInitializerClasses = '[]', activeProfiles = '{}', propertySourceLocations = '{}', propertySourceProperties = '{org.springframework.boot.test.context.SpringBootTestContextBootstrapper=true}', contextCustomizers = set[[ImportsContextCustomizer@229c6181 key = [org.springframework.boot.test.autoconfigure.web.servlet.MockMvcAutoConfiguration, org.springframework.boot.test.autoconfigure.web.servlet.MockMvcWebClientAutoConfiguration, org.springframework.boot.test.autoconfigure.web.servlet.MockMvcWebDriverAutoConfiguration, org.springframework.boot.autoconfigure.security.oauth2.client.servlet.OAuth2ClientAutoConfiguration, org.springframework.boot.autoconfigure.security.oauth2.resource.servlet.OAuth2ResourceServerAutoConfiguration, org.springframework.boot.autoconfigure.security.servlet.SecurityAutoConfiguration, org.springframework.boot.autoconfigure.security.servlet.SecurityFilterAutoConfiguration, org.springframework.boot.autoconfigure.security.servlet.UserDetailsServiceAutoConfiguration, org.springframework.boot.test.autoconfigure.web.servlet.MockMvcSecurityConfiguration]], org.springframework.boot.test.context.filter.ExcludeFilterContextCustomizer@6356695f, org.springframework.boot.test.json.DuplicateJsonObjectContextCustomizerFactory$DuplicateJsonObjectContextCustomizer@1fa268de, org.springframework.boot.test.mock.mockito.MockitoContextCustomizer@0, org.springframework.boot.test.web.client.TestRestTemplateContextCustomizer@6ae5aa72, org.springframework.boot.test.web.reactive.server.WebTestClientContextCustomizer@16293aa2, org.springframework.boot.test.autoconfigure.actuate.metrics.MetricsExportContextCustomizerFactory$DisableMetricExportContextCustomizer@478190fc, org.springframework.boot.test.autoconfigure.properties.PropertyMappingContextCustomizer@4b3fa0b3, org.springframework.boot.test.autoconfigure.web.servlet.WebDriverContextCustomizerFactory$Customizer@5c33f1a9, org.springframework.boot.test.context.SpringBootTestArgs@1, org.springframework.boot.test.context.SpringBootTestWebEnvironment@d2cc05a], resourceBasePath = 'src/main/webapp', contextLoader = 'org.springframework.boot.test.context.SpringBootContextLoader', parent = [null]], attributes = map['org.springframework.test.context.web.ServletTestExecutionListener.activateListener' -> true]], class annotated with @DirtiesContext [false] with mode [null].
00:06:41.227 [main] DEBUG org.springframework.test.context.support.TestPropertySourceUtils - Adding inlined properties to environment: {spring.jmx.enabled=false, org.springframework.boot.test.context.SpringBootTestContextBootstrapper=true}

  .   ____          _            __ _ _
 /\\ / ___'_ __ _ _(_)_ __  __ _ \ \ \ \
( ( )\___ | '_ | '_| | '_ \/ _` | \ \ \ \
 \\/  ___)| |_)| | | | | || (_| |  ) ) ) )
  '  |____| .__|_| |_|_| |_\__, | / / / /
 =========|_|==============|___/=/_/_/_/
 :: Spring Boot ::                (v2.4.0)

2020-11-22 00:06:41.477  INFO 40990 --- [           main] c.i.a.c.PriceDataControllerTest          : Starting PriceDataControllerTest using Java 1.8.0_265 on kishors-MacBook-Pro.local with PID 40990 (started by kishorchukka in /Users/kishorchukka/dev/spring/mizuho/vendor-price-aggregator)
2020-11-22 00:06:41.479  INFO 40990 --- [           main] c.i.a.c.PriceDataControllerTest          : No active profile set, falling back to default profiles: default
2020-11-22 00:06:42.822  INFO 40990 --- [           main] faultConfiguringBeanFactoryPostProcessor : No bean named 'errorChannel' has been explicitly defined. Therefore, a default PublishSubscribeChannel will be created.
2020-11-22 00:06:42.826  INFO 40990 --- [           main] faultConfiguringBeanFactoryPostProcessor : No bean named 'taskScheduler' has been explicitly defined. Therefore, a default ThreadPoolTaskScheduler will be created.
2020-11-22 00:06:42.831  INFO 40990 --- [           main] faultConfiguringBeanFactoryPostProcessor : No bean named 'integrationHeaderChannelRegistry' has been explicitly defined. Therefore, a default DefaultHeaderChannelRegistry will be created.
2020-11-22 00:06:43.005  INFO 40990 --- [           main] trationDelegate$BeanPostProcessorChecker : Bean 'org.springframework.integration.config.IntegrationManagementConfiguration' of type [org.springframework.integration.config.IntegrationManagementConfiguration] is not eligible for getting processed by all BeanPostProcessors (for example: not eligible for auto-proxying)
2020-11-22 00:06:43.025  INFO 40990 --- [           main] trationDelegate$BeanPostProcessorChecker : Bean 'integrationChannelResolver' of type [org.springframework.integration.support.channel.BeanFactoryChannelResolver] is not eligible for getting processed by all BeanPostProcessors (for example: not eligible for auto-proxying)
2020-11-22 00:06:43.030  INFO 40990 --- [           main] trationDelegate$BeanPostProcessorChecker : Bean 'integrationDisposableAutoCreatedBeans' of type [org.springframework.integration.config.annotation.Disposables] is not eligible for getting processed by all BeanPostProcessors (for example: not eligible for auto-proxying)
2020-11-22 00:06:43.545  INFO 40990 --- [           main] org.ehcache.core.EhcacheManager          : Cache 'get-prices-by-vendor-cache' created in EhcacheManager.
2020-11-22 00:06:43.560  INFO 40990 --- [           main] org.ehcache.jsr107.Eh107CacheManager     : Registering Ehcache MBean javax.cache:type=CacheStatistics,CacheManager=urn.X-ehcache.jsr107-default-config,Cache=get-prices-by-vendor-cache
2020-11-22 00:06:43.564  INFO 40990 --- [           main] org.ehcache.core.EhcacheManager          : Cache 'get-prices-by-instrument-cache' created in EhcacheManager.
2020-11-22 00:06:43.565  INFO 40990 --- [           main] org.ehcache.jsr107.Eh107CacheManager     : Registering Ehcache MBean javax.cache:type=CacheStatistics,CacheManager=urn.X-ehcache.jsr107-default-config,Cache=get-prices-by-instrument-cache
2020-11-22 00:06:43.575  INFO 40990 --- [           main] org.ehcache.jsr107.Eh107CacheManager     : Registering Ehcache MBean javax.cache:type=CacheStatistics,CacheManager=urn.X-ehcache.jsr107-default-config,Cache=get-prices-by-vendor-cache
2020-11-22 00:06:43.575  INFO 40990 --- [           main] org.ehcache.jsr107.Eh107CacheManager     : Registering Ehcache MBean javax.cache:type=CacheStatistics,CacheManager=urn.X-ehcache.jsr107-default-config,Cache=get-prices-by-instrument-cache
2020-11-22 00:06:43.625 TRACE 40990 --- [           main] o.s.c.a.AnnotationCacheOperationSource   : Adding cacheable method 'getPricesByVendorId' with attribute: [Builder[public java.util.Set com.integwise.aggregator.service.PriceDataService.getPricesByVendorId(java.lang.String)] caches=[get-prices-by-vendor-cache] | key='' | keyGenerator='' | cacheManager='' | cacheResolver='' | condition='' | unless='' | sync='false']
2020-11-22 00:06:43.633 TRACE 40990 --- [           main] o.s.c.a.AnnotationCacheOperationSource   : Adding cacheable method 'getPricesByInstrumentId' with attribute: [Builder[public java.util.Set com.integwise.aggregator.service.PriceDataService.getPricesByInstrumentId(java.lang.String)] caches=[get-prices-by-instrument-cache] | key='' | keyGenerator='' | cacheManager='' | cacheResolver='' | condition='' | unless='' | sync='false']
2020-11-22 00:06:44.589  INFO 40990 --- [           main] o.s.b.a.e.web.EndpointLinksResolver      : Exposing 2 endpoint(s) beneath base path '/actuator'
2020-11-22 00:06:45.718  INFO 40990 --- [           main] o.s.s.concurrent.ThreadPoolTaskExecutor  : Initializing ExecutorService 'applicationTaskExecutor'
2020-11-22 00:06:46.174  INFO 40990 --- [           main] o.s.b.t.m.w.SpringBootMockServletContext : Initializing Spring TestDispatcherServlet ''
2020-11-22 00:06:46.175  INFO 40990 --- [           main] o.s.t.web.servlet.TestDispatcherServlet  : Initializing Servlet ''
2020-11-22 00:06:46.178  INFO 40990 --- [           main] o.s.t.web.servlet.TestDispatcherServlet  : Completed initialization in 3 ms
2020-11-22 00:06:46.351  INFO 40990 --- [           main] o.s.s.c.ThreadPoolTaskScheduler          : Initializing ExecutorService 'taskScheduler'
2020-11-22 00:06:46.468  INFO 40990 --- [           main] o.s.i.endpoint.EventDrivenConsumer       : Adding {logging-channel-adapter:_org.springframework.integration.errorLogger} as a subscriber to the 'errorChannel' channel
2020-11-22 00:06:46.469  INFO 40990 --- [           main] o.s.i.channel.PublishSubscribeChannel    : Channel 'application.errorChannel' has 1 subscriber(s).
2020-11-22 00:06:46.469  INFO 40990 --- [           main] o.s.i.endpoint.EventDrivenConsumer       : started bean '_org.springframework.integration.errorLogger'
2020-11-22 00:06:46.469  INFO 40990 --- [           main] o.s.i.endpoint.EventDrivenConsumer       : Adding {transformer} as a subscriber to the 'vendor2FileInputChannel' channel
2020-11-22 00:06:46.469  INFO 40990 --- [           main] o.s.integration.channel.DirectChannel    : Channel 'application.vendor2FileInputChannel' has 1 subscriber(s).
2020-11-22 00:06:46.470  INFO 40990 --- [           main] o.s.i.endpoint.EventDrivenConsumer       : started bean 'vendor2ProcessFileFlow.org.springframework.integration.config.ConsumerEndpointFactoryBean#0'; defined in: 'class path resource [com/integwise/aggregator/config/VendorFileConfiguration.class]'; from source: 'bean method vendor2ProcessFileFlow'
2020-11-22 00:06:46.470  INFO 40990 --- [           main] o.s.i.endpoint.EventDrivenConsumer       : Adding {transformer} as a subscriber to the 'vendor2ProcessFileFlow.channel#0' channel
2020-11-22 00:06:46.470  INFO 40990 --- [           main] o.s.integration.channel.DirectChannel    : Channel 'application.vendor2ProcessFileFlow.channel#0' has 1 subscriber(s).
2020-11-22 00:06:46.470  INFO 40990 --- [           main] o.s.i.endpoint.EventDrivenConsumer       : started bean 'vendor2ProcessFileFlow.org.springframework.integration.config.ConsumerEndpointFactoryBean#1'; defined in: 'class path resource [com/integwise/aggregator/config/VendorFileConfiguration.class]'; from source: 'bean method vendor2ProcessFileFlow'
2020-11-22 00:06:46.470  INFO 40990 --- [           main] o.s.i.endpoint.EventDrivenConsumer       : Adding {splitter} as a subscriber to the 'vendor2ProcessFileFlow.channel#1' channel
2020-11-22 00:06:46.470  INFO 40990 --- [           main] o.s.integration.channel.DirectChannel    : Channel 'application.vendor2ProcessFileFlow.channel#1' has 1 subscriber(s).
2020-11-22 00:06:46.470  INFO 40990 --- [           main] o.s.i.endpoint.EventDrivenConsumer       : started bean 'vendor2ProcessFileFlow.org.springframework.integration.config.ConsumerEndpointFactoryBean#2'; defined in: 'class path resource [com/integwise/aggregator/config/VendorFileConfiguration.class]'; from source: 'bean method vendor2ProcessFileFlow'
2020-11-22 00:06:46.470  INFO 40990 --- [           main] o.s.i.endpoint.EventDrivenConsumer       : Adding {jms:outbound-gateway} as a subscriber to the 'vendor2ProcessFileFlow.channel#2' channel
2020-11-22 00:06:46.471  INFO 40990 --- [           main] o.s.integration.channel.DirectChannel    : Channel 'application.vendor2ProcessFileFlow.channel#2' has 1 subscriber(s).
2020-11-22 00:06:46.471  INFO 40990 --- [           main] o.s.i.endpoint.EventDrivenConsumer       : started bean 'vendor2ProcessFileFlow.org.springframework.integration.config.ConsumerEndpointFactoryBean#3'; defined in: 'class path resource [com/integwise/aggregator/config/VendorFileConfiguration.class]'; from source: 'bean method vendor2ProcessFileFlow'
2020-11-22 00:06:46.471  INFO 40990 --- [           main] o.s.i.endpoint.EventDrivenConsumer       : Adding {transformer} as a subscriber to the 'vendor1FileInputChannel' channel
2020-11-22 00:06:46.471  INFO 40990 --- [           main] o.s.integration.channel.DirectChannel    : Channel 'application.vendor1FileInputChannel' has 1 subscriber(s).
2020-11-22 00:06:46.471  INFO 40990 --- [           main] o.s.i.endpoint.EventDrivenConsumer       : started bean 'vendor1ProcessFileFlow.org.springframework.integration.config.ConsumerEndpointFactoryBean#0'; defined in: 'class path resource [com/integwise/aggregator/config/VendorFileConfiguration.class]'; from source: 'bean method vendor1ProcessFileFlow'
2020-11-22 00:06:46.471  INFO 40990 --- [           main] o.s.i.endpoint.EventDrivenConsumer       : Adding {transformer} as a subscriber to the 'vendor1ProcessFileFlow.channel#0' channel
2020-11-22 00:06:46.471  INFO 40990 --- [           main] o.s.integration.channel.DirectChannel    : Channel 'application.vendor1ProcessFileFlow.channel#0' has 1 subscriber(s).
2020-11-22 00:06:46.471  INFO 40990 --- [           main] o.s.i.endpoint.EventDrivenConsumer       : started bean 'vendor1ProcessFileFlow.org.springframework.integration.config.ConsumerEndpointFactoryBean#1'; defined in: 'class path resource [com/integwise/aggregator/config/VendorFileConfiguration.class]'; from source: 'bean method vendor1ProcessFileFlow'
2020-11-22 00:06:46.472  INFO 40990 --- [           main] o.s.i.endpoint.EventDrivenConsumer       : Adding {splitter} as a subscriber to the 'vendor1ProcessFileFlow.channel#1' channel
2020-11-22 00:06:46.472  INFO 40990 --- [           main] o.s.integration.channel.DirectChannel    : Channel 'application.vendor1ProcessFileFlow.channel#1' has 1 subscriber(s).
2020-11-22 00:06:46.472  INFO 40990 --- [           main] o.s.i.endpoint.EventDrivenConsumer       : started bean 'vendor1ProcessFileFlow.org.springframework.integration.config.ConsumerEndpointFactoryBean#2'; defined in: 'class path resource [com/integwise/aggregator/config/VendorFileConfiguration.class]'; from source: 'bean method vendor1ProcessFileFlow'
2020-11-22 00:06:46.472  INFO 40990 --- [           main] o.s.i.endpoint.EventDrivenConsumer       : Adding {jms:outbound-gateway} as a subscriber to the 'vendor1ProcessFileFlow.channel#2' channel
2020-11-22 00:06:46.472  INFO 40990 --- [           main] o.s.integration.channel.DirectChannel    : Channel 'application.vendor1ProcessFileFlow.channel#2' has 1 subscriber(s).
2020-11-22 00:06:46.472  INFO 40990 --- [           main] o.s.i.endpoint.EventDrivenConsumer       : started bean 'vendor1ProcessFileFlow.org.springframework.integration.config.ConsumerEndpointFactoryBean#3'; defined in: 'class path resource [com/integwise/aggregator/config/VendorFileConfiguration.class]'; from source: 'bean method vendor1ProcessFileFlow'
2020-11-22 00:06:46.472  INFO 40990 --- [           main] o.s.i.endpoint.EventDrivenConsumer       : Adding {json-to-object-transformer} as a subscriber to the 'vendor1MessageFlow.channel#0' channel
2020-11-22 00:06:46.472  INFO 40990 --- [           main] o.s.integration.channel.DirectChannel    : Channel 'application.vendor1MessageFlow.channel#0' has 1 subscriber(s).
2020-11-22 00:06:46.472  INFO 40990 --- [           main] o.s.i.endpoint.EventDrivenConsumer       : started bean 'vendor1MessageFlow.org.springframework.integration.config.ConsumerEndpointFactoryBean#0'; defined in: 'class path resource [com/integwise/aggregator/config/VendorJmsConfiguration.class]'; from source: 'bean method vendor1MessageFlow'
2020-11-22 00:06:46.472  INFO 40990 --- [           main] o.s.integration.channel.DirectChannel    : Channel 'application.vendor1MessageFlow.channel#1' has 1 subscriber(s).
2020-11-22 00:06:46.473  INFO 40990 --- [           main] o.s.i.endpoint.EventDrivenConsumer       : started bean 'vendor1MessageFlow.org.springframework.integration.config.ConsumerEndpointFactoryBean#1'; defined in: 'class path resource [com/integwise/aggregator/config/VendorJmsConfiguration.class]'; from source: 'bean method vendor1MessageFlow'
2020-11-22 00:06:46.473  INFO 40990 --- [           main] o.s.i.endpoint.EventDrivenConsumer       : Adding {json-to-object-transformer} as a subscriber to the 'vendor2MessageFlow.channel#0' channel
2020-11-22 00:06:46.473  INFO 40990 --- [           main] o.s.integration.channel.DirectChannel    : Channel 'application.vendor2MessageFlow.channel#0' has 1 subscriber(s).
2020-11-22 00:06:46.473  INFO 40990 --- [           main] o.s.i.endpoint.EventDrivenConsumer       : started bean 'vendor2MessageFlow.org.springframework.integration.config.ConsumerEndpointFactoryBean#0'; defined in: 'class path resource [com/integwise/aggregator/config/VendorJmsConfiguration.class]'; from source: 'bean method vendor2MessageFlow'
2020-11-22 00:06:46.473  INFO 40990 --- [           main] o.s.integration.channel.DirectChannel    : Channel 'application.vendor2MessageFlow.channel#1' has 1 subscriber(s).
2020-11-22 00:06:46.473  INFO 40990 --- [           main] o.s.i.endpoint.EventDrivenConsumer       : started bean 'vendor2MessageFlow.org.springframework.integration.config.ConsumerEndpointFactoryBean#1'; defined in: 'class path resource [com/integwise/aggregator/config/VendorJmsConfiguration.class]'; from source: 'bean method vendor2MessageFlow'
2020-11-22 00:06:46.473  INFO 40990 --- [           main] o.s.i.channel.PublishSubscribeChannel    : Channel 'application.errorChannel' has 2 subscriber(s).
2020-11-22 00:06:46.473  INFO 40990 --- [           main] o.s.i.endpoint.EventDrivenConsumer       : started bean 'exceptionMessageFlow.org.springframework.integration.config.ConsumerEndpointFactoryBean#0'; defined in: 'class path resource [com/integwise/aggregator/config/VendorJmsConfiguration.class]'; from source: 'bean method exceptionMessageFlow'
2020-11-22 00:06:46.473  INFO 40990 --- [           main] o.s.i.endpoint.EventDrivenConsumer       : Adding {message-handler:vendorFileConfiguration.loggingHandler.serviceActivator} as a subscriber to the 'logging' channel
2020-11-22 00:06:46.473  INFO 40990 --- [           main] o.s.integration.channel.DirectChannel    : Channel 'application.logging' has 1 subscriber(s).
2020-11-22 00:06:46.474  INFO 40990 --- [           main] o.s.i.endpoint.EventDrivenConsumer       : started bean 'vendorFileConfiguration.loggingHandler.serviceActivator'
2020-11-22 00:06:46.474  INFO 40990 --- [           main] ishingJmsMessageListener$GatewayDelegate : started org.springframework.integration.jms.ChannelPublishingJmsMessageListener$GatewayDelegate@5635bcd2
2020-11-22 00:06:46.539  INFO 40990 --- [           main] o.apache.activemq.broker.BrokerService   : Using Persistence Adapter: MemoryPersistenceAdapter
2020-11-22 00:06:46.702  INFO 40990 --- [           main] o.apache.activemq.broker.BrokerService   : Apache ActiveMQ 5.16.0 (localhost, ID:kishors-MacBook-Pro.local-61350-1606003606567-0:1) is starting
2020-11-22 00:06:46.707  INFO 40990 --- [           main] o.apache.activemq.broker.BrokerService   : Apache ActiveMQ 5.16.0 (localhost, ID:kishors-MacBook-Pro.local-61350-1606003606567-0:1) started
2020-11-22 00:06:46.707  INFO 40990 --- [           main] o.apache.activemq.broker.BrokerService   : For help or more information please see: http://activemq.apache.org
2020-11-22 00:06:46.708  WARN 40990 --- [           main] o.apache.activemq.broker.BrokerService   : Temporary Store limit is 51200 mb (current store usage is 0 mb). The data directory: /Users/kishorchukka/dev/spring/mizuho/vendor-price-aggregator only has 32810 mb of usable space. - resetting to maximum available disk space: 32810 mb
2020-11-22 00:06:46.731  INFO 40990 --- [           main] o.a.activemq.broker.TransportConnector   : Connector vm://localhost started
2020-11-22 00:06:46.760  INFO 40990 --- [           main] o.s.i.jms.JmsMessageDrivenEndpoint       : started bean 'vendor1MessageFlow.jms:message-driven-channel-adapter#0'; defined in: 'class path resource [com/integwise/aggregator/config/VendorJmsConfiguration.class]'; from source: 'bean method vendor1MessageFlow'
2020-11-22 00:06:46.760  INFO 40990 --- [           main] ishingJmsMessageListener$GatewayDelegate : started org.springframework.integration.jms.ChannelPublishingJmsMessageListener$GatewayDelegate@16cf7fd0
2020-11-22 00:06:46.761  INFO 40990 --- [           main] o.s.i.jms.JmsMessageDrivenEndpoint       : started bean 'vendor2MessageFlow.jms:message-driven-channel-adapter#0'; defined in: 'class path resource [com/integwise/aggregator/config/VendorJmsConfiguration.class]'; from source: 'bean method vendor2MessageFlow'
2020-11-22 00:06:46.764  INFO 40990 --- [           main] o.s.i.e.SourcePollingChannelAdapter      : started bean 'vendorFileConfiguration.vendor2FileReadingMessageSource.inboundChannelAdapter'
2020-11-22 00:06:46.764  INFO 40990 --- [           main] o.s.i.e.SourcePollingChannelAdapter      : started bean 'vendorFileConfiguration.vendor1FileReadingMessageSource.inboundChannelAdapter'
2020-11-22 00:06:46.926  INFO 40990 --- [erContainer#0-1] c.i.aggregator.service.PriceDataService  : Add or Update price
2020-11-22 00:06:46.932  INFO 40990 --- [erContainer#0-1] c.i.a.publisher.PriceDataPublisher       : publishing message='InstrumentPrice [key=InstrumentPrice [vendorId=Vendor2, instrumentId=APPL, priceDate=Sat Nov 21 10:20:22 GMT 2020], bidPrice=100.30, askPrice=101.10]'
2020-11-22 00:06:46.967  INFO 40990 --- [erContainer#0-1] c.i.aggregator.service.PriceDataService  : Add or Update price
2020-11-22 00:06:46.968  INFO 40990 --- [erContainer#0-1] c.i.a.publisher.PriceDataPublisher       : publishing message='InstrumentPrice [key=InstrumentPrice [vendorId=Vendor1, instrumentId=APPL, priceDate=Sat Nov 21 10:20:22 GMT 2020], bidPrice=100.30, askPrice=101.10]'
2020-11-22 00:06:47.071  INFO 40990 --- [           main] c.i.a.c.PriceDataControllerTest          : Started PriceDataControllerTest in 5.835 seconds (JVM running for 6.741)
2020-11-22 00:06:47.260  INFO 40990 --- [           main] c.i.aggregator.service.PriceDataService  : Add or Update price
2020-11-22 00:06:47.260  INFO 40990 --- [           main] c.i.a.publisher.PriceDataPublisher       : publishing message='InstrumentPrice [key=InstrumentPrice [vendorId=Vendor1, instrumentId=GOOG, priceDate=Sun Nov 15 00:06:47 GMT 2020], bidPrice=100.89, askPrice=100.60]'
2020-11-22 00:06:47.262  INFO 40990 --- [           main] c.i.aggregator.service.PriceDataService  : Add or Update price
2020-11-22 00:06:47.263  INFO 40990 --- [           main] c.i.a.publisher.PriceDataPublisher       : publishing message='InstrumentPrice [key=InstrumentPrice [vendorId=Vendor2, instrumentId=GOOG, priceDate=Sun Nov 15 00:06:47 GMT 2020], bidPrice=100.89, askPrice=100.60]'
2020-11-22 00:06:47.264  INFO 40990 --- [           main] c.i.aggregator.service.PriceDataService  : Add or Update price
2020-11-22 00:06:47.264  INFO 40990 --- [           main] c.i.a.publisher.PriceDataPublisher       : publishing message='InstrumentPrice [key=InstrumentPrice [vendorId=Vendor1, instrumentId=MSFT, priceDate=Fri Oct 23 01:06:47 BST 2020], bidPrice=2000.89, askPrice=2000.60]'
2020-11-22 00:06:47.265  INFO 40990 --- [           main] c.i.aggregator.service.PriceDataService  : Add or Update price
2020-11-22 00:06:47.265  INFO 40990 --- [           main] c.i.a.publisher.PriceDataPublisher       : publishing message='InstrumentPrice [key=InstrumentPrice [vendorId=Vendor2, instrumentId=MSFT, priceDate=Fri Oct 23 01:06:47 BST 2020], bidPrice=2000.89, askPrice=2000.60]'
2020-11-22 00:06:47.266  INFO 40990 --- [           main] c.i.aggregator.service.PriceDataService  : Add or Update price
2020-11-22 00:06:47.266  INFO 40990 --- [           main] c.i.a.publisher.PriceDataPublisher       : publishing message='InstrumentPrice [key=InstrumentPrice [vendorId=Vendor1, instrumentId=APPL, priceDate=Sat Nov 21 00:06:47 GMT 2020], bidPrice=200.89, askPrice=200.60]'
2020-11-22 00:06:47.267  INFO 40990 --- [           main] c.i.aggregator.service.PriceDataService  : Add or Update price
2020-11-22 00:06:47.267  INFO 40990 --- [           main] c.i.a.publisher.PriceDataPublisher       : publishing message='InstrumentPrice [key=InstrumentPrice [vendorId=Vendor2, instrumentId=APPL, priceDate=Thu Oct 22 01:06:47 BST 2020], bidPrice=200.89, askPrice=200.60]'
2020-11-22 00:06:47.303  INFO 40990 --- [           main] c.i.a.controller.PriceDataController     : getPricesByInstrumentId GOOG
2020-11-22 00:06:47.306 TRACE 40990 --- [           main] o.s.cache.interceptor.CacheInterceptor   : Computed cache key 'GOOG' for operation Builder[public java.util.Set com.integwise.aggregator.service.PriceDataService.getPricesByInstrumentId(java.lang.String)] caches=[get-prices-by-instrument-cache] | key='' | keyGenerator='' | cacheManager='' | cacheResolver='' | condition='' | unless='' | sync='false'
2020-11-22 00:06:47.306 TRACE 40990 --- [           main] o.s.cache.interceptor.CacheInterceptor   : Cache entry for key 'GOOG' found in cache 'get-prices-by-instrument-cache'
2020-11-22 00:06:47.400  INFO 40990 --- [           main] c.i.aggregator.service.PriceDataService  : Add or Update price
2020-11-22 00:06:47.401  INFO 40990 --- [           main] c.i.a.publisher.PriceDataPublisher       : publishing message='InstrumentPrice [key=InstrumentPrice [vendorId=Vendor1, instrumentId=GOOG, priceDate=Sun Nov 15 00:06:47 GMT 2020], bidPrice=100.89, askPrice=100.60]'
2020-11-22 00:06:47.402  INFO 40990 --- [           main] c.i.aggregator.service.PriceDataService  : Add or Update price
2020-11-22 00:06:47.402  INFO 40990 --- [           main] c.i.a.publisher.PriceDataPublisher       : publishing message='InstrumentPrice [key=InstrumentPrice [vendorId=Vendor2, instrumentId=GOOG, priceDate=Sun Nov 15 00:06:47 GMT 2020], bidPrice=100.89, askPrice=100.60]'
2020-11-22 00:06:47.402  INFO 40990 --- [           main] c.i.aggregator.service.PriceDataService  : Add or Update price
2020-11-22 00:06:47.403  INFO 40990 --- [           main] c.i.a.publisher.PriceDataPublisher       : publishing message='InstrumentPrice [key=InstrumentPrice [vendorId=Vendor1, instrumentId=MSFT, priceDate=Fri Oct 23 01:06:47 BST 2020], bidPrice=2000.89, askPrice=2000.60]'
2020-11-22 00:06:47.403  INFO 40990 --- [           main] c.i.aggregator.service.PriceDataService  : Add or Update price
2020-11-22 00:06:47.403  INFO 40990 --- [           main] c.i.a.publisher.PriceDataPublisher       : publishing message='InstrumentPrice [key=InstrumentPrice [vendorId=Vendor2, instrumentId=MSFT, priceDate=Fri Oct 23 01:06:47 BST 2020], bidPrice=2000.89, askPrice=2000.60]'
2020-11-22 00:06:47.404  INFO 40990 --- [           main] c.i.aggregator.service.PriceDataService  : Add or Update price
2020-11-22 00:06:47.404  INFO 40990 --- [           main] c.i.a.publisher.PriceDataPublisher       : publishing message='InstrumentPrice [key=InstrumentPrice [vendorId=Vendor1, instrumentId=APPL, priceDate=Sat Nov 21 00:06:47 GMT 2020], bidPrice=200.89, askPrice=200.60]'
2020-11-22 00:06:47.405  INFO 40990 --- [           main] c.i.aggregator.service.PriceDataService  : Add or Update price
2020-11-22 00:06:47.405  INFO 40990 --- [           main] c.i.a.publisher.PriceDataPublisher       : publishing message='InstrumentPrice [key=InstrumentPrice [vendorId=Vendor2, instrumentId=APPL, priceDate=Thu Oct 22 01:06:47 BST 2020], bidPrice=200.89, askPrice=200.60]'
2020-11-22 00:06:47.408  INFO 40990 --- [           main] c.i.a.controller.PriceDataController     : call getPricesByVendorId Vendor1
2020-11-22 00:06:47.408 TRACE 40990 --- [           main] o.s.cache.interceptor.CacheInterceptor   : Computed cache key 'Vendor1' for operation Builder[public java.util.Set com.integwise.aggregator.service.PriceDataService.getPricesByVendorId(java.lang.String)] caches=[get-prices-by-vendor-cache] | key='' | keyGenerator='' | cacheManager='' | cacheResolver='' | condition='' | unless='' | sync='false'
2020-11-22 00:06:47.408 TRACE 40990 --- [           main] o.s.cache.interceptor.CacheInterceptor   : Cache entry for key 'Vendor1' found in cache 'get-prices-by-vendor-cache'
[INFO] Tests run: 2, Failures: 0, Errors: 0, Skipped: 0, Time elapsed: 6.569 s - in com.integwise.aggregator.controller.PriceDataControllerTest
[INFO] Running com.integwise.aggregator.store.MapDataStoreTests
[INFO] Tests run: 4, Failures: 0, Errors: 0, Skipped: 0, Time elapsed: 0.001 s - in com.integwise.aggregator.store.MapDataStoreTests
2020-11-22 00:06:47.975  INFO 40990 --- [extShutdownHook] ishingJmsMessageListener$GatewayDelegate : stopped org.springframework.integration.jms.ChannelPublishingJmsMessageListener$GatewayDelegate@5635bcd2
2020-11-22 00:06:47.976  INFO 40990 --- [extShutdownHook] o.s.i.jms.JmsMessageDrivenEndpoint       : stopped bean 'vendor1MessageFlow.jms:message-driven-channel-adapter#0'; defined in: 'class path resource [com/integwise/aggregator/config/VendorJmsConfiguration.class]'; from source: 'bean method vendor1MessageFlow'
2020-11-22 00:06:47.976  INFO 40990 --- [extShutdownHook] ishingJmsMessageListener$GatewayDelegate : stopped org.springframework.integration.jms.ChannelPublishingJmsMessageListener$GatewayDelegate@16cf7fd0
2020-11-22 00:06:47.976  INFO 40990 --- [extShutdownHook] o.s.i.jms.JmsMessageDrivenEndpoint       : stopped bean 'vendor2MessageFlow.jms:message-driven-channel-adapter#0'; defined in: 'class path resource [com/integwise/aggregator/config/VendorJmsConfiguration.class]'; from source: 'bean method vendor2MessageFlow'
2020-11-22 00:06:47.977  INFO 40990 --- [extShutdownHook] o.s.i.e.SourcePollingChannelAdapter      : stopped bean 'vendorFileConfiguration.vendor2FileReadingMessageSource.inboundChannelAdapter'
2020-11-22 00:06:47.977  INFO 40990 --- [extShutdownHook] o.s.i.e.SourcePollingChannelAdapter      : stopped bean 'vendorFileConfiguration.vendor1FileReadingMessageSource.inboundChannelAdapter'
2020-11-22 00:06:47.977  INFO 40990 --- [extShutdownHook] o.s.i.endpoint.EventDrivenConsumer       : Removing {transformer} as a subscriber to the 'vendor2FileInputChannel' channel
2020-11-22 00:06:47.977  INFO 40990 --- [extShutdownHook] o.s.integration.channel.DirectChannel    : Channel 'application.vendor2FileInputChannel' has 0 subscriber(s).
2020-11-22 00:06:47.977  INFO 40990 --- [extShutdownHook] o.s.i.endpoint.EventDrivenConsumer       : stopped bean 'vendor2ProcessFileFlow.org.springframework.integration.config.ConsumerEndpointFactoryBean#0'; defined in: 'class path resource [com/integwise/aggregator/config/VendorFileConfiguration.class]'; from source: 'bean method vendor2ProcessFileFlow'
2020-11-22 00:06:47.977  INFO 40990 --- [extShutdownHook] o.s.i.endpoint.EventDrivenConsumer       : Removing {transformer} as a subscriber to the 'vendor2ProcessFileFlow.channel#0' channel
2020-11-22 00:06:47.978  INFO 40990 --- [extShutdownHook] o.s.integration.channel.DirectChannel    : Channel 'application.vendor2ProcessFileFlow.channel#0' has 0 subscriber(s).
2020-11-22 00:06:47.978  INFO 40990 --- [extShutdownHook] o.s.i.endpoint.EventDrivenConsumer       : stopped bean 'vendor2ProcessFileFlow.org.springframework.integration.config.ConsumerEndpointFactoryBean#1'; defined in: 'class path resource [com/integwise/aggregator/config/VendorFileConfiguration.class]'; from source: 'bean method vendor2ProcessFileFlow'
2020-11-22 00:06:47.978  INFO 40990 --- [extShutdownHook] o.s.i.endpoint.EventDrivenConsumer       : Removing {splitter} as a subscriber to the 'vendor2ProcessFileFlow.channel#1' channel
2020-11-22 00:06:47.979  INFO 40990 --- [extShutdownHook] o.s.integration.channel.DirectChannel    : Channel 'application.vendor2ProcessFileFlow.channel#1' has 0 subscriber(s).
2020-11-22 00:06:47.979  INFO 40990 --- [extShutdownHook] o.s.i.endpoint.EventDrivenConsumer       : stopped bean 'vendor2ProcessFileFlow.org.springframework.integration.config.ConsumerEndpointFactoryBean#2'; defined in: 'class path resource [com/integwise/aggregator/config/VendorFileConfiguration.class]'; from source: 'bean method vendor2ProcessFileFlow'
2020-11-22 00:06:47.979  INFO 40990 --- [extShutdownHook] o.s.i.endpoint.EventDrivenConsumer       : Removing {jms:outbound-gateway} as a subscriber to the 'vendor2ProcessFileFlow.channel#2' channel
2020-11-22 00:06:47.979  INFO 40990 --- [extShutdownHook] o.s.integration.channel.DirectChannel    : Channel 'application.vendor2ProcessFileFlow.channel#2' has 0 subscriber(s).
2020-11-22 00:06:47.979  INFO 40990 --- [extShutdownHook] o.s.i.endpoint.EventDrivenConsumer       : stopped bean 'vendor2ProcessFileFlow.org.springframework.integration.config.ConsumerEndpointFactoryBean#3'; defined in: 'class path resource [com/integwise/aggregator/config/VendorFileConfiguration.class]'; from source: 'bean method vendor2ProcessFileFlow'
2020-11-22 00:06:47.980  INFO 40990 --- [extShutdownHook] o.s.i.endpoint.EventDrivenConsumer       : Removing {transformer} as a subscriber to the 'vendor1FileInputChannel' channel
2020-11-22 00:06:47.981  INFO 40990 --- [extShutdownHook] o.s.integration.channel.DirectChannel    : Channel 'application.vendor1FileInputChannel' has 0 subscriber(s).
2020-11-22 00:06:47.981  INFO 40990 --- [extShutdownHook] o.s.i.endpoint.EventDrivenConsumer       : stopped bean 'vendor1ProcessFileFlow.org.springframework.integration.config.ConsumerEndpointFactoryBean#0'; defined in: 'class path resource [com/integwise/aggregator/config/VendorFileConfiguration.class]'; from source: 'bean method vendor1ProcessFileFlow'
2020-11-22 00:06:47.981  INFO 40990 --- [extShutdownHook] o.s.i.endpoint.EventDrivenConsumer       : Removing {transformer} as a subscriber to the 'vendor1ProcessFileFlow.channel#0' channel
2020-11-22 00:06:47.982  INFO 40990 --- [extShutdownHook] o.s.integration.channel.DirectChannel    : Channel 'application.vendor1ProcessFileFlow.channel#0' has 0 subscriber(s).
2020-11-22 00:06:47.982  INFO 40990 --- [extShutdownHook] o.s.i.endpoint.EventDrivenConsumer       : stopped bean 'vendor1ProcessFileFlow.org.springframework.integration.config.ConsumerEndpointFactoryBean#1'; defined in: 'class path resource [com/integwise/aggregator/config/VendorFileConfiguration.class]'; from source: 'bean method vendor1ProcessFileFlow'
2020-11-22 00:06:47.982  INFO 40990 --- [extShutdownHook] o.s.i.endpoint.EventDrivenConsumer       : Removing {splitter} as a subscriber to the 'vendor1ProcessFileFlow.channel#1' channel
2020-11-22 00:06:47.983  INFO 40990 --- [extShutdownHook] o.s.integration.channel.DirectChannel    : Channel 'application.vendor1ProcessFileFlow.channel#1' has 0 subscriber(s).
2020-11-22 00:06:47.983  INFO 40990 --- [extShutdownHook] o.s.i.endpoint.EventDrivenConsumer       : stopped bean 'vendor1ProcessFileFlow.org.springframework.integration.config.ConsumerEndpointFactoryBean#2'; defined in: 'class path resource [com/integwise/aggregator/config/VendorFileConfiguration.class]'; from source: 'bean method vendor1ProcessFileFlow'
2020-11-22 00:06:47.983  INFO 40990 --- [extShutdownHook] o.s.i.endpoint.EventDrivenConsumer       : Removing {jms:outbound-gateway} as a subscriber to the 'vendor1ProcessFileFlow.channel#2' channel
2020-11-22 00:06:47.984  INFO 40990 --- [extShutdownHook] o.s.integration.channel.DirectChannel    : Channel 'application.vendor1ProcessFileFlow.channel#2' has 0 subscriber(s).
2020-11-22 00:06:47.984  INFO 40990 --- [extShutdownHook] o.s.i.endpoint.EventDrivenConsumer       : stopped bean 'vendor1ProcessFileFlow.org.springframework.integration.config.ConsumerEndpointFactoryBean#3'; defined in: 'class path resource [com/integwise/aggregator/config/VendorFileConfiguration.class]'; from source: 'bean method vendor1ProcessFileFlow'
2020-11-22 00:06:47.984  INFO 40990 --- [extShutdownHook] o.s.i.endpoint.EventDrivenConsumer       : Removing {json-to-object-transformer} as a subscriber to the 'vendor1MessageFlow.channel#0' channel
2020-11-22 00:06:47.985 ERROR 40990 --- [ask-scheduler-2] o.s.integration.handler.LoggingHandler   : org.springframework.messaging.MessageHandlingException: failed to handle a message in the [bean 'vendor2JmsOutboundGateway' for component 'vendor1ProcessFileFlow.org.springframework.integration.config.ConsumerEndpointFactoryBean#3'; defined in: 'class path resource [com/integwise/aggregator/config/VendorFileConfiguration.class]'; from source: 'org.springframework.core.type.classreading.SimpleMethodMetadata@58359ebd']; nested exception is javax.jms.JMSException: java.lang.InterruptedException, failedMessage=GenericMessage [payload={"vendorId": "Vendor1", "instrumentId": "APPL", "bidPrice": 100.30, "askPrice": 101.10, "priceDate": "2020-11-21T10:20:22"}, headers={sequenceNumber=1, file_name=vendor1-inputfile.txt, sequenceSize=2, correlationId=00d27dbc-40be-7d0a-6faf-a53245dfbdec, file_originalFile=/Users/kishorchukka/dev/spring/mizuho/vendor-price-aggregator/target/classes/source/vendor1-inputfile.txt, id=e6f888ac-b800-9e39-f784-89b9cb55521e, file_relativePath=vendor1-inputfile.txt, timestamp=1606003606779}]
	at org.springframework.integration.jms.JmsOutboundGateway.handleRequestMessage(JmsOutboundGateway.java:760)
	at org.springframework.integration.handler.AbstractReplyProducingMessageHandler.handleMessageInternal(AbstractReplyProducingMessageHandler.java:134)
	at org.springframework.integration.handler.AbstractMessageHandler.handleMessage(AbstractMessageHandler.java:56)
	at org.springframework.integration.dispatcher.AbstractDispatcher.tryOptimizedDispatch(AbstractDispatcher.java:115)
	at org.springframework.integration.dispatcher.UnicastingDispatcher.doDispatch(UnicastingDispatcher.java:133)
	at org.springframework.integration.dispatcher.UnicastingDispatcher.dispatch(UnicastingDispatcher.java:106)
	at org.springframework.integration.channel.AbstractSubscribableChannel.doSend(AbstractSubscribableChannel.java:72)
	at org.springframework.integration.channel.AbstractMessageChannel.send(AbstractMessageChannel.java:317)
	at org.springframework.integration.channel.AbstractMessageChannel.send(AbstractMessageChannel.java:272)
	at org.springframework.messaging.core.GenericMessagingTemplate.doSend(GenericMessagingTemplate.java:187)
	at org.springframework.messaging.core.GenericMessagingTemplate.doSend(GenericMessagingTemplate.java:166)
	at org.springframework.messaging.core.GenericMessagingTemplate.doSend(GenericMessagingTemplate.java:47)
	at org.springframework.messaging.core.AbstractMessageSendingTemplate.send(AbstractMessageSendingTemplate.java:109)
	at org.springframework.integration.handler.AbstractMessageProducingHandler.sendOutput(AbstractMessageProducingHandler.java:450)
	at org.springframework.integration.handler.AbstractMessageProducingHandler.doProduceOutput(AbstractMessageProducingHandler.java:324)
	at org.springframework.integration.handler.AbstractMessageProducingHandler.produceOutput(AbstractMessageProducingHandler.java:267)
	at org.springframework.integration.splitter.AbstractMessageSplitter.produceOutput(AbstractMessageSplitter.java:311)
	at org.springframework.integration.handler.AbstractMessageProducingHandler.sendOutputs(AbstractMessageProducingHandler.java:231)
	at org.springframework.integration.handler.AbstractReplyProducingMessageHandler.handleMessageInternal(AbstractReplyProducingMessageHandler.java:140)
	at org.springframework.integration.handler.AbstractMessageHandler.handleMessage(AbstractMessageHandler.java:56)
	at org.springframework.integration.dispatcher.AbstractDispatcher.tryOptimizedDispatch(AbstractDispatcher.java:115)
	at org.springframework.integration.dispatcher.UnicastingDispatcher.doDispatch(UnicastingDispatcher.java:133)
	at org.springframework.integration.dispatcher.UnicastingDispatcher.dispatch(UnicastingDispatcher.java:106)
	at org.springframework.integration.channel.AbstractSubscribableChannel.doSend(AbstractSubscribableChannel.java:72)
	at org.springframework.integration.channel.AbstractMessageChannel.send(AbstractMessageChannel.java:317)
	at org.springframework.integration.channel.AbstractMessageChannel.send(AbstractMessageChannel.java:272)
	at org.springframework.messaging.core.GenericMessagingTemplate.doSend(GenericMessagingTemplate.java:187)
	at org.springframework.messaging.core.GenericMessagingTemplate.doSend(GenericMessagingTemplate.java:166)
	at org.springframework.messaging.core.GenericMessagingTemplate.doSend(GenericMessagingTemplate.java:47)
	at org.springframework.messaging.core.AbstractMessageSendingTemplate.send(AbstractMessageSendingTemplate.java:109)
	at org.springframework.integration.handler.AbstractMessageProducingHandler.sendOutput(AbstractMessageProducingHandler.java:450)
	at org.springframework.integration.handler.AbstractMessageProducingHandler.doProduceOutput(AbstractMessageProducingHandler.java:324)
	at org.springframework.integration.handler.AbstractMessageProducingHandler.produceOutput(AbstractMessageProducingHandler.java:267)
	at org.springframework.integration.handler.AbstractMessageProducingHandler.sendOutputs(AbstractMessageProducingHandler.java:231)
	at org.springframework.integration.handler.AbstractReplyProducingMessageHandler.handleMessageInternal(AbstractReplyProducingMessageHandler.java:140)
	at org.springframework.integration.handler.AbstractMessageHandler.handleMessage(AbstractMessageHandler.java:56)
	at org.springframework.integration.dispatcher.AbstractDispatcher.tryOptimizedDispatch(AbstractDispatcher.java:115)
	at org.springframework.integration.dispatcher.UnicastingDispatcher.doDispatch(UnicastingDispatcher.java:133)
	at org.springframework.integration.dispatcher.UnicastingDispatcher.dispatch(UnicastingDispatcher.java:106)
	at org.springframework.integration.channel.AbstractSubscribableChannel.doSend(AbstractSubscribableChannel.java:72)
	at org.springframework.integration.channel.AbstractMessageChannel.send(AbstractMessageChannel.java:317)
	at org.springframework.integration.channel.AbstractMessageChannel.send(AbstractMessageChannel.java:272)
	at org.springframework.messaging.core.GenericMessagingTemplate.doSend(GenericMessagingTemplate.java:187)
	at org.springframework.messaging.core.GenericMessagingTemplate.doSend(GenericMessagingTemplate.java:166)
	at org.springframework.messaging.core.GenericMessagingTemplate.doSend(GenericMessagingTemplate.java:47)
	at org.springframework.messaging.core.AbstractMessageSendingTemplate.send(AbstractMessageSendingTemplate.java:109)
	at org.springframework.integration.handler.AbstractMessageProducingHandler.sendOutput(AbstractMessageProducingHandler.java:450)
	at org.springframework.integration.handler.AbstractMessageProducingHandler.doProduceOutput(AbstractMessageProducingHandler.java:324)
	at org.springframework.integration.handler.AbstractMessageProducingHandler.produceOutput(AbstractMessageProducingHandler.java:267)
	at org.springframework.integration.handler.AbstractMessageProducingHandler.sendOutputs(AbstractMessageProducingHandler.java:231)
	at org.springframework.integration.handler.AbstractReplyProducingMessageHandler.handleMessageInternal(AbstractReplyProducingMessageHandler.java:140)
	at org.springframework.integration.handler.AbstractMessageHandler.handleMessage(AbstractMessageHandler.java:56)
	at org.springframework.integration.dispatcher.AbstractDispatcher.tryOptimizedDispatch(AbstractDispatcher.java:115)
	at org.springframework.integration.dispatcher.UnicastingDispatcher.doDispatch(UnicastingDispatcher.java:133)
	at org.springframework.integration.dispatcher.UnicastingDispatcher.dispatch(UnicastingDispatcher.java:106)
	at org.springframework.integration.channel.AbstractSubscribableChannel.doSend(AbstractSubscribableChannel.java:72)
	at org.springframework.integration.channel.AbstractMessageChannel.send(AbstractMessageChannel.java:317)
	at org.springframework.integration.channel.AbstractMessageChannel.send(AbstractMessageChannel.java:272)
	at org.springframework.messaging.core.GenericMessagingTemplate.doSend(GenericMessagingTemplate.java:187)
	at org.springframework.messaging.core.GenericMessagingTemplate.doSend(GenericMessagingTemplate.java:166)
	at org.springframework.messaging.core.GenericMessagingTemplate.doSend(GenericMessagingTemplate.java:47)
	at org.springframework.messaging.core.AbstractMessageSendingTemplate.send(AbstractMessageSendingTemplate.java:109)
	at org.springframework.integration.endpoint.SourcePollingChannelAdapter.handleMessage(SourcePollingChannelAdapter.java:196)
	at org.springframework.integration.endpoint.AbstractPollingEndpoint.messageReceived(AbstractPollingEndpoint.java:445)
	at org.springframework.integration.endpoint.AbstractPollingEndpoint.doPoll(AbstractPollingEndpoint.java:429)
	at org.springframework.integration.endpoint.AbstractPollingEndpoint.pollForMessage(AbstractPollingEndpoint.java:377)
	at org.springframework.integration.endpoint.AbstractPollingEndpoint.lambda$null$3(AbstractPollingEndpoint.java:324)
	at org.springframework.integration.util.ErrorHandlingTaskExecutor.lambda$execute$0(ErrorHandlingTaskExecutor.java:57)
	at org.springframework.core.task.SyncTaskExecutor.execute(SyncTaskExecutor.java:50)
	at org.springframework.integration.util.ErrorHandlingTaskExecutor.execute(ErrorHandlingTaskExecutor.java:55)
	at org.springframework.integration.endpoint.AbstractPollingEndpoint.lambda$createPoller$4(AbstractPollingEndpoint.java:321)
	at org.springframework.scheduling.support.DelegatingErrorHandlingRunnable.run(DelegatingErrorHandlingRunnable.java:54)
	at org.springframework.scheduling.concurrent.ReschedulingRunnable.run(ReschedulingRunnable.java:95)
	at java.util.concurrent.Executors$RunnableAdapter.call(Executors.java:511)
	at java.util.concurrent.FutureTask.run(FutureTask.java:266)
	at java.util.concurrent.ScheduledThreadPoolExecutor$ScheduledFutureTask.access$201(ScheduledThreadPoolExecutor.java:180)
	at java.util.concurrent.ScheduledThreadPoolExecutor$ScheduledFutureTask.run(ScheduledThreadPoolExecutor.java:293)
	at java.util.concurrent.ThreadPoolExecutor.runWorker(ThreadPoolExecutor.java:1149)
	at java.util.concurrent.ThreadPoolExecutor$Worker.run(ThreadPoolExecutor.java:624)
	at java.lang.Thread.run(Thread.java:748)
Caused by: javax.jms.JMSException: java.lang.InterruptedException
	at org.apache.activemq.util.JMSExceptionSupport.create(JMSExceptionSupport.java:72)
	at org.apache.activemq.ActiveMQMessageConsumer.dequeue(ActiveMQMessageConsumer.java:536)
	at org.apache.activemq.ActiveMQMessageConsumer.receive(ActiveMQMessageConsumer.java:666)
	at org.springframework.integration.jms.JmsOutboundGateway.receiveReplyMessage(JmsOutboundGateway.java:1208)
	at org.springframework.integration.jms.JmsOutboundGateway.doSendAndReceiveWithTemporaryReplyToDestination(JmsOutboundGateway.java:939)
	at org.springframework.integration.jms.JmsOutboundGateway.sendAndReceiveWithoutContainer(JmsOutboundGateway.java:876)
	at org.springframework.integration.jms.JmsOutboundGateway.handleRequestMessage(JmsOutboundGateway.java:726)
	... 79 more
Caused by: java.lang.InterruptedException
	at java.lang.Object.wait(Native Method)
	at org.apache.activemq.FifoMessageDispatchChannel.dequeue(FifoMessageDispatchChannel.java:74)
	at org.apache.activemq.ActiveMQMessageConsumer.dequeue(ActiveMQMessageConsumer.java:499)
	... 84 more

2020-11-22 00:06:47.986  INFO 40990 --- [extShutdownHook] o.s.integration.channel.DirectChannel    : Channel 'application.vendor1MessageFlow.channel#0' has 0 subscriber(s).
2020-11-22 00:06:47.989  INFO 40990 --- [extShutdownHook] o.s.i.endpoint.EventDrivenConsumer       : stopped bean 'vendor1MessageFlow.org.springframework.integration.config.ConsumerEndpointFactoryBean#0'; defined in: 'class path resource [com/integwise/aggregator/config/VendorJmsConfiguration.class]'; from source: 'bean method vendor1MessageFlow'
2020-11-22 00:06:47.986 ERROR 40990 --- [ask-scheduler-1] o.s.integration.handler.LoggingHandler   : org.springframework.messaging.MessageHandlingException: failed to handle a message in the [bean 'vendor2JmsOutboundGateway' for component 'vendor1ProcessFileFlow.org.springframework.integration.config.ConsumerEndpointFactoryBean#3'; defined in: 'class path resource [com/integwise/aggregator/config/VendorFileConfiguration.class]'; from source: 'org.springframework.core.type.classreading.SimpleMethodMetadata@58359ebd']; nested exception is javax.jms.JMSException: java.lang.InterruptedException, failedMessage=GenericMessage [payload={"vendorId": "Vendor2", "instrumentId": "APPL", "bidPrice": 100.30, "askPrice": 101.10, "priceDate": "2020-11-21T10:20:22"}, headers={sequenceNumber=1, file_name=vendor2-inputfile.txt, sequenceSize=2, correlationId=45ab0f82-14f8-8237-7156-77bad0cd37d4, file_originalFile=/Users/kishorchukka/dev/spring/mizuho/vendor-price-aggregator/target/classes/source/vendor2-inputfile.txt, id=a96e4db4-2d49-daef-a39f-8fae877552c9, file_relativePath=vendor2-inputfile.txt, timestamp=1606003606779}]
	at org.springframework.integration.jms.JmsOutboundGateway.handleRequestMessage(JmsOutboundGateway.java:760)
	at org.springframework.integration.handler.AbstractReplyProducingMessageHandler.handleMessageInternal(AbstractReplyProducingMessageHandler.java:134)
	at org.springframework.integration.handler.AbstractMessageHandler.handleMessage(AbstractMessageHandler.java:56)
	at org.springframework.integration.dispatcher.AbstractDispatcher.tryOptimizedDispatch(AbstractDispatcher.java:115)
	at org.springframework.integration.dispatcher.UnicastingDispatcher.doDispatch(UnicastingDispatcher.java:133)
	at org.springframework.integration.dispatcher.UnicastingDispatcher.dispatch(UnicastingDispatcher.java:106)
	at org.springframework.integration.channel.AbstractSubscribableChannel.doSend(AbstractSubscribableChannel.java:72)
	at org.springframework.integration.channel.AbstractMessageChannel.send(AbstractMessageChannel.java:317)
	at org.springframework.integration.channel.AbstractMessageChannel.send(AbstractMessageChannel.java:272)
	at org.springframework.messaging.core.GenericMessagingTemplate.doSend(GenericMessagingTemplate.java:187)
	at org.springframework.messaging.core.GenericMessagingTemplate.doSend(GenericMessagingTemplate.java:166)
	at org.springframework.messaging.core.GenericMessagingTemplate.doSend(GenericMessagingTemplate.java:47)
	at org.springframework.messaging.core.AbstractMessageSendingTemplate.send(AbstractMessageSendingTemplate.java:109)
	at org.springframework.integration.handler.AbstractMessageProducingHandler.sendOutput(AbstractMessageProducingHandler.java:450)
	at org.springframework.integration.handler.AbstractMessageProducingHandler.doProduceOutput(AbstractMessageProducingHandler.java:324)
	at org.springframework.integration.handler.AbstractMessageProducingHandler.produceOutput(AbstractMessageProducingHandler.java:267)
	at org.springframework.integration.splitter.AbstractMessageSplitter.produceOutput(AbstractMessageSplitter.java:311)
	at org.springframework.integration.handler.AbstractMessageProducingHandler.sendOutputs(AbstractMessageProducingHandler.java:231)
	at org.springframework.integration.handler.AbstractReplyProducingMessageHandler.handleMessageInternal(AbstractReplyProducingMessageHandler.java:140)
	at org.springframework.integration.handler.AbstractMessageHandler.handleMessage(AbstractMessageHandler.java:56)
	at org.springframework.integration.dispatcher.AbstractDispatcher.tryOptimizedDispatch(AbstractDispatcher.java:115)
	at org.springframework.integration.dispatcher.UnicastingDispatcher.doDispatch(UnicastingDispatcher.java:133)
	at org.springframework.integration.dispatcher.UnicastingDispatcher.dispatch(UnicastingDispatcher.java:106)
	at org.springframework.integration.channel.AbstractSubscribableChannel.doSend(AbstractSubscribableChannel.java:72)
	at org.springframework.integration.channel.AbstractMessageChannel.send(AbstractMessageChannel.java:317)
	at org.springframework.integration.channel.AbstractMessageChannel.send(AbstractMessageChannel.java:272)
	at org.springframework.messaging.core.GenericMessagingTemplate.doSend(GenericMessagingTemplate.java:187)
	at org.springframework.messaging.core.GenericMessagingTemplate.doSend(GenericMessagingTemplate.java:166)
	at org.springframework.messaging.core.GenericMessagingTemplate.doSend(GenericMessagingTemplate.java:47)
	at org.springframework.messaging.core.AbstractMessageSendingTemplate.send(AbstractMessageSendingTemplate.java:109)
	at org.springframework.integration.handler.AbstractMessageProducingHandler.sendOutput(AbstractMessageProducingHandler.java:450)
	at org.springframework.integration.handler.AbstractMessageProducingHandler.doProduceOutput(AbstractMessageProducingHandler.java:324)
	at org.springframework.integration.handler.AbstractMessageProducingHandler.produceOutput(AbstractMessageProducingHandler.java:267)
	at org.springframework.integration.handler.AbstractMessageProducingHandler.sendOutputs(AbstractMessageProducingHandler.java:231)
	at org.springframework.integration.handler.AbstractReplyProducingMessageHandler.handleMessageInternal(AbstractReplyProducingMessageHandler.java:140)
	at org.springframework.integration.handler.AbstractMessageHandler.handleMessage(AbstractMessageHandler.java:56)
	at org.springframework.integration.dispatcher.AbstractDispatcher.tryOptimizedDispatch(AbstractDispatcher.java:115)
	at org.springframework.integration.dispatcher.UnicastingDispatcher.doDispatch(UnicastingDispatcher.java:133)
	at org.springframework.integration.dispatcher.UnicastingDispatcher.dispatch(UnicastingDispatcher.java:106)
	at org.springframework.integration.channel.AbstractSubscribableChannel.doSend(AbstractSubscribableChannel.java:72)
	at org.springframework.integration.channel.AbstractMessageChannel.send(AbstractMessageChannel.java:317)
	at org.springframework.integration.channel.AbstractMessageChannel.send(AbstractMessageChannel.java:272)
	at org.springframework.messaging.core.GenericMessagingTemplate.doSend(GenericMessagingTemplate.java:187)
	at org.springframework.messaging.core.GenericMessagingTemplate.doSend(GenericMessagingTemplate.java:166)
	at org.springframework.messaging.core.GenericMessagingTemplate.doSend(GenericMessagingTemplate.java:47)
	at org.springframework.messaging.core.AbstractMessageSendingTemplate.send(AbstractMessageSendingTemplate.java:109)
	at org.springframework.integration.handler.AbstractMessageProducingHandler.sendOutput(AbstractMessageProducingHandler.java:450)
	at org.springframework.integration.handler.AbstractMessageProducingHandler.doProduceOutput(AbstractMessageProducingHandler.java:324)
	at org.springframework.integration.handler.AbstractMessageProducingHandler.produceOutput(AbstractMessageProducingHandler.java:267)
	at org.springframework.integration.handler.AbstractMessageProducingHandler.sendOutputs(AbstractMessageProducingHandler.java:231)
	at org.springframework.integration.handler.AbstractReplyProducingMessageHandler.handleMessageInternal(AbstractReplyProducingMessageHandler.java:140)
	at org.springframework.integration.handler.AbstractMessageHandler.handleMessage(AbstractMessageHandler.java:56)
	at org.springframework.integration.dispatcher.AbstractDispatcher.tryOptimizedDispatch(AbstractDispatcher.java:115)
	at org.springframework.integration.dispatcher.UnicastingDispatcher.doDispatch(UnicastingDispatcher.java:133)
	at org.springframework.integration.dispatcher.UnicastingDispatcher.dispatch(UnicastingDispatcher.java:106)
	at org.springframework.integration.channel.AbstractSubscribableChannel.doSend(AbstractSubscribableChannel.java:72)
	at org.springframework.integration.channel.AbstractMessageChannel.send(AbstractMessageChannel.java:317)
	at org.springframework.integration.channel.AbstractMessageChannel.send(AbstractMessageChannel.java:272)
	at org.springframework.messaging.core.GenericMessagingTemplate.doSend(GenericMessagingTemplate.java:187)
	at org.springframework.messaging.core.GenericMessagingTemplate.doSend(GenericMessagingTemplate.java:166)
	at org.springframework.messaging.core.GenericMessagingTemplate.doSend(GenericMessagingTemplate.java:47)
	at org.springframework.messaging.core.AbstractMessageSendingTemplate.send(AbstractMessageSendingTemplate.java:109)
	at org.springframework.integration.endpoint.SourcePollingChannelAdapter.handleMessage(SourcePollingChannelAdapter.java:196)
	at org.springframework.integration.endpoint.AbstractPollingEndpoint.messageReceived(AbstractPollingEndpoint.java:445)
	at org.springframework.integration.endpoint.AbstractPollingEndpoint.doPoll(AbstractPollingEndpoint.java:429)
	at org.springframework.integration.endpoint.AbstractPollingEndpoint.pollForMessage(AbstractPollingEndpoint.java:377)
	at org.springframework.integration.endpoint.AbstractPollingEndpoint.lambda$null$3(AbstractPollingEndpoint.java:324)
	at org.springframework.integration.util.ErrorHandlingTaskExecutor.lambda$execute$0(ErrorHandlingTaskExecutor.java:57)
	at org.springframework.core.task.SyncTaskExecutor.execute(SyncTaskExecutor.java:50)
	at org.springframework.integration.util.ErrorHandlingTaskExecutor.execute(ErrorHandlingTaskExecutor.java:55)
	at org.springframework.integration.endpoint.AbstractPollingEndpoint.lambda$createPoller$4(AbstractPollingEndpoint.java:321)
	at org.springframework.scheduling.support.DelegatingErrorHandlingRunnable.run(DelegatingErrorHandlingRunnable.java:54)
	at org.springframework.scheduling.concurrent.ReschedulingRunnable.run(ReschedulingRunnable.java:95)
	at java.util.concurrent.Executors$RunnableAdapter.call(Executors.java:511)
	at java.util.concurrent.FutureTask.run(FutureTask.java:266)
	at java.util.concurrent.ScheduledThreadPoolExecutor$ScheduledFutureTask.access$201(ScheduledThreadPoolExecutor.java:180)
	at java.util.concurrent.ScheduledThreadPoolExecutor$ScheduledFutureTask.run(ScheduledThreadPoolExecutor.java:293)
	at java.util.concurrent.ThreadPoolExecutor.runWorker(ThreadPoolExecutor.java:1149)
	at java.util.concurrent.ThreadPoolExecutor$Worker.run(ThreadPoolExecutor.java:624)
	at java.lang.Thread.run(Thread.java:748)
Caused by: javax.jms.JMSException: java.lang.InterruptedException
	at org.apache.activemq.util.JMSExceptionSupport.create(JMSExceptionSupport.java:72)
	at org.apache.activemq.ActiveMQMessageConsumer.dequeue(ActiveMQMessageConsumer.java:536)
	at org.apache.activemq.ActiveMQMessageConsumer.receive(ActiveMQMessageConsumer.java:666)
	at org.springframework.integration.jms.JmsOutboundGateway.receiveReplyMessage(JmsOutboundGateway.java:1208)
	at org.springframework.integration.jms.JmsOutboundGateway.doSendAndReceiveWithTemporaryReplyToDestination(JmsOutboundGateway.java:939)
	at org.springframework.integration.jms.JmsOutboundGateway.sendAndReceiveWithoutContainer(JmsOutboundGateway.java:876)
	at org.springframework.integration.jms.JmsOutboundGateway.handleRequestMessage(JmsOutboundGateway.java:726)
	... 79 more
Caused by: java.lang.InterruptedException
	at java.lang.Object.wait(Native Method)
	at org.apache.activemq.FifoMessageDispatchChannel.dequeue(FifoMessageDispatchChannel.java:74)
	at org.apache.activemq.ActiveMQMessageConsumer.dequeue(ActiveMQMessageConsumer.java:499)
	... 84 more

2020-11-22 00:06:47.991  INFO 40990 --- [extShutdownHook] o.s.integration.channel.DirectChannel    : Channel 'application.vendor1MessageFlow.channel#1' has 0 subscriber(s).
2020-11-22 00:06:47.992  INFO 40990 --- [extShutdownHook] o.s.i.endpoint.EventDrivenConsumer       : stopped bean 'vendor1MessageFlow.org.springframework.integration.config.ConsumerEndpointFactoryBean#1'; defined in: 'class path resource [com/integwise/aggregator/config/VendorJmsConfiguration.class]'; from source: 'bean method vendor1MessageFlow'
2020-11-22 00:06:47.993  INFO 40990 --- [extShutdownHook] o.s.i.endpoint.EventDrivenConsumer       : Removing {json-to-object-transformer} as a subscriber to the 'vendor2MessageFlow.channel#0' channel
2020-11-22 00:06:47.993  INFO 40990 --- [extShutdownHook] o.s.integration.channel.DirectChannel    : Channel 'application.vendor2MessageFlow.channel#0' has 0 subscriber(s).
2020-11-22 00:06:47.993  INFO 40990 --- [extShutdownHook] o.s.i.endpoint.EventDrivenConsumer       : stopped bean 'vendor2MessageFlow.org.springframework.integration.config.ConsumerEndpointFactoryBean#0'; defined in: 'class path resource [com/integwise/aggregator/config/VendorJmsConfiguration.class]'; from source: 'bean method vendor2MessageFlow'
2020-11-22 00:06:47.993  INFO 40990 --- [extShutdownHook] o.s.integration.channel.DirectChannel    : Channel 'application.vendor2MessageFlow.channel#1' has 0 subscriber(s).
2020-11-22 00:06:47.994  INFO 40990 --- [extShutdownHook] o.s.i.endpoint.EventDrivenConsumer       : stopped bean 'vendor2MessageFlow.org.springframework.integration.config.ConsumerEndpointFactoryBean#1'; defined in: 'class path resource [com/integwise/aggregator/config/VendorJmsConfiguration.class]'; from source: 'bean method vendor2MessageFlow'
2020-11-22 00:06:47.995  INFO 40990 --- [extShutdownHook] o.s.i.channel.PublishSubscribeChannel    : Channel 'application.errorChannel' has 1 subscriber(s).
2020-11-22 00:06:47.995  INFO 40990 --- [extShutdownHook] o.s.i.endpoint.EventDrivenConsumer       : stopped bean 'exceptionMessageFlow.org.springframework.integration.config.ConsumerEndpointFactoryBean#0'; defined in: 'class path resource [com/integwise/aggregator/config/VendorJmsConfiguration.class]'; from source: 'bean method exceptionMessageFlow'
2020-11-22 00:06:47.995  INFO 40990 --- [extShutdownHook] o.s.i.endpoint.EventDrivenConsumer       : Removing {logging-channel-adapter:_org.springframework.integration.errorLogger} as a subscriber to the 'errorChannel' channel
2020-11-22 00:06:47.995  INFO 40990 --- [extShutdownHook] o.s.i.channel.PublishSubscribeChannel    : Channel 'application.errorChannel' has 0 subscriber(s).
2020-11-22 00:06:47.995  INFO 40990 --- [extShutdownHook] o.s.i.endpoint.EventDrivenConsumer       : stopped bean '_org.springframework.integration.errorLogger'
2020-11-22 00:06:47.995  INFO 40990 --- [extShutdownHook] o.s.i.endpoint.EventDrivenConsumer       : Removing {message-handler:vendorFileConfiguration.loggingHandler.serviceActivator} as a subscriber to the 'logging' channel
2020-11-22 00:06:47.995  WARN 40990 --- [ask-scheduler-2] o.s.i.c.MessagePublishingErrorHandler    : Error message was not delivered.

org.springframework.messaging.MessageHandlingException: failed to handle a message in the [bean 'vendor2JmsOutboundGateway' for component 'vendor1ProcessFileFlow.org.springframework.integration.config.ConsumerEndpointFactoryBean#3'; defined in: 'class path resource [com/integwise/aggregator/config/VendorFileConfiguration.class]'; from source: 'org.springframework.core.type.classreading.SimpleMethodMetadata@58359ebd']; nested exception is javax.jms.JMSException: java.lang.InterruptedException
	at org.springframework.integration.jms.JmsOutboundGateway.handleRequestMessage(JmsOutboundGateway.java:760) ~[spring-integration-jms-5.4.1.jar:5.4.1]
	at org.springframework.integration.handler.AbstractReplyProducingMessageHandler.handleMessageInternal(AbstractReplyProducingMessageHandler.java:134) ~[spring-integration-core-5.4.1.jar:5.4.1]
	at org.springframework.integration.handler.AbstractMessageHandler.handleMessage(AbstractMessageHandler.java:56) ~[spring-integration-core-5.4.1.jar:5.4.1]
	at org.springframework.integration.dispatcher.AbstractDispatcher.tryOptimizedDispatch(AbstractDispatcher.java:115) ~[spring-integration-core-5.4.1.jar:5.4.1]
	at org.springframework.integration.dispatcher.UnicastingDispatcher.doDispatch(UnicastingDispatcher.java:133) ~[spring-integration-core-5.4.1.jar:5.4.1]
	at org.springframework.integration.dispatcher.UnicastingDispatcher.dispatch(UnicastingDispatcher.java:106) ~[spring-integration-core-5.4.1.jar:5.4.1]
	at org.springframework.integration.channel.AbstractSubscribableChannel.doSend(AbstractSubscribableChannel.java:72) ~[spring-integration-core-5.4.1.jar:5.4.1]
	at org.springframework.integration.channel.AbstractMessageChannel.send(AbstractMessageChannel.java:317) ~[spring-integration-core-5.4.1.jar:5.4.1]
	at org.springframework.integration.channel.AbstractMessageChannel.send(AbstractMessageChannel.java:272) ~[spring-integration-core-5.4.1.jar:5.4.1]
	at org.springframework.messaging.core.GenericMessagingTemplate.doSend(GenericMessagingTemplate.java:187) ~[spring-messaging-5.3.1.jar:5.3.1]
	at org.springframework.messaging.core.GenericMessagingTemplate.doSend(GenericMessagingTemplate.java:166) ~[spring-messaging-5.3.1.jar:5.3.1]
	at org.springframework.messaging.core.GenericMessagingTemplate.doSend(GenericMessagingTemplate.java:47) ~[spring-messaging-5.3.1.jar:5.3.1]
	at org.springframework.messaging.core.AbstractMessageSendingTemplate.send(AbstractMessageSendingTemplate.java:109) ~[spring-messaging-5.3.1.jar:5.3.1]
	at org.springframework.integration.handler.AbstractMessageProducingHandler.sendOutput(AbstractMessageProducingHandler.java:450) ~[spring-integration-core-5.4.1.jar:5.4.1]
	at org.springframework.integration.handler.AbstractMessageProducingHandler.doProduceOutput(AbstractMessageProducingHandler.java:324) ~[spring-integration-core-5.4.1.jar:5.4.1]
	at org.springframework.integration.handler.AbstractMessageProducingHandler.produceOutput(AbstractMessageProducingHandler.java:267) ~[spring-integration-core-5.4.1.jar:5.4.1]
	at org.springframework.integration.splitter.AbstractMessageSplitter.produceOutput(AbstractMessageSplitter.java:311) ~[spring-integration-core-5.4.1.jar:5.4.1]
	at org.springframework.integration.handler.AbstractMessageProducingHandler.sendOutputs(AbstractMessageProducingHandler.java:231) ~[spring-integration-core-5.4.1.jar:5.4.1]
	at org.springframework.integration.handler.AbstractReplyProducingMessageHandler.handleMessageInternal(AbstractReplyProducingMessageHandler.java:140) ~[spring-integration-core-5.4.1.jar:5.4.1]
	at org.springframework.integration.handler.AbstractMessageHandler.handleMessage(AbstractMessageHandler.java:56) ~[spring-integration-core-5.4.1.jar:5.4.1]
	at org.springframework.integration.dispatcher.AbstractDispatcher.tryOptimizedDispatch(AbstractDispatcher.java:115) ~[spring-integration-core-5.4.1.jar:5.4.1]
	at org.springframework.integration.dispatcher.UnicastingDispatcher.doDispatch(UnicastingDispatcher.java:133) ~[spring-integration-core-5.4.1.jar:5.4.1]
	at org.springframework.integration.dispatcher.UnicastingDispatcher.dispatch(UnicastingDispatcher.java:106) ~[spring-integration-core-5.4.1.jar:5.4.1]
	at org.springframework.integration.channel.AbstractSubscribableChannel.doSend(AbstractSubscribableChannel.java:72) ~[spring-integration-core-5.4.1.jar:5.4.1]
	at org.springframework.integration.channel.AbstractMessageChannel.send(AbstractMessageChannel.java:317) ~[spring-integration-core-5.4.1.jar:5.4.1]
	at org.springframework.integration.channel.AbstractMessageChannel.send(AbstractMessageChannel.java:272) ~[spring-integration-core-5.4.1.jar:5.4.1]
	at org.springframework.messaging.core.GenericMessagingTemplate.doSend(GenericMessagingTemplate.java:187) ~[spring-messaging-5.3.1.jar:5.3.1]
	at org.springframework.messaging.core.GenericMessagingTemplate.doSend(GenericMessagingTemplate.java:166) ~[spring-messaging-5.3.1.jar:5.3.1]
	at org.springframework.messaging.core.GenericMessagingTemplate.doSend(GenericMessagingTemplate.java:47) ~[spring-messaging-5.3.1.jar:5.3.1]
	at org.springframework.messaging.core.AbstractMessageSendingTemplate.send(AbstractMessageSendingTemplate.java:109) ~[spring-messaging-5.3.1.jar:5.3.1]
	at org.springframework.integration.handler.AbstractMessageProducingHandler.sendOutput(AbstractMessageProducingHandler.java:450) ~[spring-integration-core-5.4.1.jar:5.4.1]
	at org.springframework.integration.handler.AbstractMessageProducingHandler.doProduceOutput(AbstractMessageProducingHandler.java:324) ~[spring-integration-core-5.4.1.jar:5.4.1]
	at org.springframework.integration.handler.AbstractMessageProducingHandler.produceOutput(AbstractMessageProducingHandler.java:267) ~[spring-integration-core-5.4.1.jar:5.4.1]
	at org.springframework.integration.handler.AbstractMessageProducingHandler.sendOutputs(AbstractMessageProducingHandler.java:231) ~[spring-integration-core-5.4.1.jar:5.4.1]
	at org.springframework.integration.handler.AbstractReplyProducingMessageHandler.handleMessageInternal(AbstractReplyProducingMessageHandler.java:140) ~[spring-integration-core-5.4.1.jar:5.4.1]
	at org.springframework.integration.handler.AbstractMessageHandler.handleMessage(AbstractMessageHandler.java:56) ~[spring-integration-core-5.4.1.jar:5.4.1]
	at org.springframework.integration.dispatcher.AbstractDispatcher.tryOptimizedDispatch(AbstractDispatcher.java:115) ~[spring-integration-core-5.4.1.jar:5.4.1]
	at org.springframework.integration.dispatcher.UnicastingDispatcher.doDispatch(UnicastingDispatcher.java:133) ~[spring-integration-core-5.4.1.jar:5.4.1]
	at org.springframework.integration.dispatcher.UnicastingDispatcher.dispatch(UnicastingDispatcher.java:106) ~[spring-integration-core-5.4.1.jar:5.4.1]
	at org.springframework.integration.channel.AbstractSubscribableChannel.doSend(AbstractSubscribableChannel.java:72) ~[spring-integration-core-5.4.1.jar:5.4.1]
	at org.springframework.integration.channel.AbstractMessageChannel.send(AbstractMessageChannel.java:317) ~[spring-integration-core-5.4.1.jar:5.4.1]
	at org.springframework.integration.channel.AbstractMessageChannel.send(AbstractMessageChannel.java:272) ~[spring-integration-core-5.4.1.jar:5.4.1]
	at org.springframework.messaging.core.GenericMessagingTemplate.doSend(GenericMessagingTemplate.java:187) ~[spring-messaging-5.3.1.jar:5.3.1]
	at org.springframework.messaging.core.GenericMessagingTemplate.doSend(GenericMessagingTemplate.java:166) ~[spring-messaging-5.3.1.jar:5.3.1]
	at org.springframework.messaging.core.GenericMessagingTemplate.doSend(GenericMessagingTemplate.java:47) ~[spring-messaging-5.3.1.jar:5.3.1]
	at org.springframework.messaging.core.AbstractMessageSendingTemplate.send(AbstractMessageSendingTemplate.java:109) ~[spring-messaging-5.3.1.jar:5.3.1]
	at org.springframework.integration.handler.AbstractMessageProducingHandler.sendOutput(AbstractMessageProducingHandler.java:450) ~[spring-integration-core-5.4.1.jar:5.4.1]
	at org.springframework.integration.handler.AbstractMessageProducingHandler.doProduceOutput(AbstractMessageProducingHandler.java:324) ~[spring-integration-core-5.4.1.jar:5.4.1]
	at org.springframework.integration.handler.AbstractMessageProducingHandler.produceOutput(AbstractMessageProducingHandler.java:267) ~[spring-integration-core-5.4.1.jar:5.4.1]
	at org.springframework.integration.handler.AbstractMessageProducingHandler.sendOutputs(AbstractMessageProducingHandler.java:231) ~[spring-integration-core-5.4.1.jar:5.4.1]
	at org.springframework.integration.handler.AbstractReplyProducingMessageHandler.handleMessageInternal(AbstractReplyProducingMessageHandler.java:140) ~[spring-integration-core-5.4.1.jar:5.4.1]
	at org.springframework.integration.handler.AbstractMessageHandler.handleMessage(AbstractMessageHandler.java:56) ~[spring-integration-core-5.4.1.jar:5.4.1]
	at org.springframework.integration.dispatcher.AbstractDispatcher.tryOptimizedDispatch(AbstractDispatcher.java:115) ~[spring-integration-core-5.4.1.jar:5.4.1]
	at org.springframework.integration.dispatcher.UnicastingDispatcher.doDispatch(UnicastingDispatcher.java:133) ~[spring-integration-core-5.4.1.jar:5.4.1]
	at org.springframework.integration.dispatcher.UnicastingDispatcher.dispatch(UnicastingDispatcher.java:106) ~[spring-integration-core-5.4.1.jar:5.4.1]
	at org.springframework.integration.channel.AbstractSubscribableChannel.doSend(AbstractSubscribableChannel.java:72) ~[spring-integration-core-5.4.1.jar:5.4.1]
	at org.springframework.integration.channel.AbstractMessageChannel.send(AbstractMessageChannel.java:317) ~[spring-integration-core-5.4.1.jar:5.4.1]
	at org.springframework.integration.channel.AbstractMessageChannel.send(AbstractMessageChannel.java:272) ~[spring-integration-core-5.4.1.jar:5.4.1]
	at org.springframework.messaging.core.GenericMessagingTemplate.doSend(GenericMessagingTemplate.java:187) ~[spring-messaging-5.3.1.jar:5.3.1]
	at org.springframework.messaging.core.GenericMessagingTemplate.doSend(GenericMessagingTemplate.java:166) ~[spring-messaging-5.3.1.jar:5.3.1]
	at org.springframework.messaging.core.GenericMessagingTemplate.doSend(GenericMessagingTemplate.java:47) ~[spring-messaging-5.3.1.jar:5.3.1]
	at org.springframework.messaging.core.AbstractMessageSendingTemplate.send(AbstractMessageSendingTemplate.java:109) ~[spring-messaging-5.3.1.jar:5.3.1]
	at org.springframework.integration.endpoint.SourcePollingChannelAdapter.handleMessage(SourcePollingChannelAdapter.java:196) ~[spring-integration-core-5.4.1.jar:5.4.1]
	at org.springframework.integration.endpoint.AbstractPollingEndpoint.messageReceived(AbstractPollingEndpoint.java:445) ~[spring-integration-core-5.4.1.jar:5.4.1]
	at org.springframework.integration.endpoint.AbstractPollingEndpoint.doPoll(AbstractPollingEndpoint.java:429) ~[spring-integration-core-5.4.1.jar:5.4.1]
	at org.springframework.integration.endpoint.AbstractPollingEndpoint.pollForMessage(AbstractPollingEndpoint.java:377) ~[spring-integration-core-5.4.1.jar:5.4.1]
	at org.springframework.integration.endpoint.AbstractPollingEndpoint.lambda$null$3(AbstractPollingEndpoint.java:324) ~[spring-integration-core-5.4.1.jar:5.4.1]
	at org.springframework.integration.util.ErrorHandlingTaskExecutor.lambda$execute$0(ErrorHandlingTaskExecutor.java:57) ~[spring-integration-core-5.4.1.jar:5.4.1]
	at org.springframework.core.task.SyncTaskExecutor.execute(SyncTaskExecutor.java:50) ~[spring-core-5.3.1.jar:5.3.1]
	at org.springframework.integration.util.ErrorHandlingTaskExecutor.execute(ErrorHandlingTaskExecutor.java:55) ~[spring-integration-core-5.4.1.jar:5.4.1]
	at org.springframework.integration.endpoint.AbstractPollingEndpoint.lambda$createPoller$4(AbstractPollingEndpoint.java:321) ~[spring-integration-core-5.4.1.jar:5.4.1]
	at org.springframework.scheduling.support.DelegatingErrorHandlingRunnable.run(DelegatingErrorHandlingRunnable.java:54) ~[spring-context-5.3.1.jar:5.3.1]
	at org.springframework.scheduling.concurrent.ReschedulingRunnable.run(ReschedulingRunnable.java:95) ~[spring-context-5.3.1.jar:5.3.1]
	at java.util.concurrent.Executors$RunnableAdapter.call(Executors.java:511) ~[na:1.8.0_265]
	at java.util.concurrent.FutureTask.run(FutureTask.java:266) ~[na:1.8.0_265]
	at java.util.concurrent.ScheduledThreadPoolExecutor$ScheduledFutureTask.access$201(ScheduledThreadPoolExecutor.java:180) ~[na:1.8.0_265]
	at java.util.concurrent.ScheduledThreadPoolExecutor$ScheduledFutureTask.run(ScheduledThreadPoolExecutor.java:293) ~[na:1.8.0_265]
	at java.util.concurrent.ThreadPoolExecutor.runWorker(ThreadPoolExecutor.java:1149) ~[na:1.8.0_265]
	at java.util.concurrent.ThreadPoolExecutor$Worker.run(ThreadPoolExecutor.java:624) ~[na:1.8.0_265]
	at java.lang.Thread.run(Thread.java:748) ~[na:1.8.0_265]
Caused by: javax.jms.JMSException: java.lang.InterruptedException
	at org.apache.activemq.util.JMSExceptionSupport.create(JMSExceptionSupport.java:72) ~[activemq-client-5.16.0.jar:5.16.0]
	at org.apache.activemq.ActiveMQMessageConsumer.dequeue(ActiveMQMessageConsumer.java:536) ~[activemq-client-5.16.0.jar:5.16.0]
	at org.apache.activemq.ActiveMQMessageConsumer.receive(ActiveMQMessageConsumer.java:666) ~[activemq-client-5.16.0.jar:5.16.0]
	at org.springframework.integration.jms.JmsOutboundGateway.receiveReplyMessage(JmsOutboundGateway.java:1208) ~[spring-integration-jms-5.4.1.jar:5.4.1]
	at org.springframework.integration.jms.JmsOutboundGateway.doSendAndReceiveWithTemporaryReplyToDestination(JmsOutboundGateway.java:939) ~[spring-integration-jms-5.4.1.jar:5.4.1]
	at org.springframework.integration.jms.JmsOutboundGateway.sendAndReceiveWithoutContainer(JmsOutboundGateway.java:876) ~[spring-integration-jms-5.4.1.jar:5.4.1]
	at org.springframework.integration.jms.JmsOutboundGateway.handleRequestMessage(JmsOutboundGateway.java:726) ~[spring-integration-jms-5.4.1.jar:5.4.1]
	... 79 common frames omitted
Caused by: java.lang.InterruptedException: null
	at java.lang.Object.wait(Native Method) ~[na:1.8.0_265]
	at org.apache.activemq.FifoMessageDispatchChannel.dequeue(FifoMessageDispatchChannel.java:74) ~[activemq-client-5.16.0.jar:5.16.0]
	at org.apache.activemq.ActiveMQMessageConsumer.dequeue(ActiveMQMessageConsumer.java:499) ~[activemq-client-5.16.0.jar:5.16.0]
	... 84 common frames omitted

2020-11-22 00:06:47.995  WARN 40990 --- [ask-scheduler-1] o.s.i.c.MessagePublishingErrorHandler    : Error message was not delivered.

org.springframework.messaging.MessageHandlingException: failed to handle a message in the [bean 'vendor2JmsOutboundGateway' for component 'vendor1ProcessFileFlow.org.springframework.integration.config.ConsumerEndpointFactoryBean#3'; defined in: 'class path resource [com/integwise/aggregator/config/VendorFileConfiguration.class]'; from source: 'org.springframework.core.type.classreading.SimpleMethodMetadata@58359ebd']; nested exception is javax.jms.JMSException: java.lang.InterruptedException
	at org.springframework.integration.jms.JmsOutboundGateway.handleRequestMessage(JmsOutboundGateway.java:760) ~[spring-integration-jms-5.4.1.jar:5.4.1]
	at org.springframework.integration.handler.AbstractReplyProducingMessageHandler.handleMessageInternal(AbstractReplyProducingMessageHandler.java:134) ~[spring-integration-core-5.4.1.jar:5.4.1]
	at org.springframework.integration.handler.AbstractMessageHandler.handleMessage(AbstractMessageHandler.java:56) ~[spring-integration-core-5.4.1.jar:5.4.1]
	at org.springframework.integration.dispatcher.AbstractDispatcher.tryOptimizedDispatch(AbstractDispatcher.java:115) ~[spring-integration-core-5.4.1.jar:5.4.1]
	at org.springframework.integration.dispatcher.UnicastingDispatcher.doDispatch(UnicastingDispatcher.java:133) ~[spring-integration-core-5.4.1.jar:5.4.1]
	at org.springframework.integration.dispatcher.UnicastingDispatcher.dispatch(UnicastingDispatcher.java:106) ~[spring-integration-core-5.4.1.jar:5.4.1]
	at org.springframework.integration.channel.AbstractSubscribableChannel.doSend(AbstractSubscribableChannel.java:72) ~[spring-integration-core-5.4.1.jar:5.4.1]
	at org.springframework.integration.channel.AbstractMessageChannel.send(AbstractMessageChannel.java:317) ~[spring-integration-core-5.4.1.jar:5.4.1]
	at org.springframework.integration.channel.AbstractMessageChannel.send(AbstractMessageChannel.java:272) ~[spring-integration-core-5.4.1.jar:5.4.1]
	at org.springframework.messaging.core.GenericMessagingTemplate.doSend(GenericMessagingTemplate.java:187) ~[spring-messaging-5.3.1.jar:5.3.1]
	at org.springframework.messaging.core.GenericMessagingTemplate.doSend(GenericMessagingTemplate.java:166) ~[spring-messaging-5.3.1.jar:5.3.1]
	at org.springframework.messaging.core.GenericMessagingTemplate.doSend(GenericMessagingTemplate.java:47) ~[spring-messaging-5.3.1.jar:5.3.1]
	at org.springframework.messaging.core.AbstractMessageSendingTemplate.send(AbstractMessageSendingTemplate.java:109) ~[spring-messaging-5.3.1.jar:5.3.1]
	at org.springframework.integration.handler.AbstractMessageProducingHandler.sendOutput(AbstractMessageProducingHandler.java:450) ~[spring-integration-core-5.4.1.jar:5.4.1]
	at org.springframework.integration.handler.AbstractMessageProducingHandler.doProduceOutput(AbstractMessageProducingHandler.java:324) ~[spring-integration-core-5.4.1.jar:5.4.1]
	at org.springframework.integration.handler.AbstractMessageProducingHandler.produceOutput(AbstractMessageProducingHandler.java:267) ~[spring-integration-core-5.4.1.jar:5.4.1]
	at org.springframework.integration.splitter.AbstractMessageSplitter.produceOutput(AbstractMessageSplitter.java:311) ~[spring-integration-core-5.4.1.jar:5.4.1]
	at org.springframework.integration.handler.AbstractMessageProducingHandler.sendOutputs(AbstractMessageProducingHandler.java:231) ~[spring-integration-core-5.4.1.jar:5.4.1]
	at org.springframework.integration.handler.AbstractReplyProducingMessageHandler.handleMessageInternal(AbstractReplyProducingMessageHandler.java:140) ~[spring-integration-core-5.4.1.jar:5.4.1]
	at org.springframework.integration.handler.AbstractMessageHandler.handleMessage(AbstractMessageHandler.java:56) ~[spring-integration-core-5.4.1.jar:5.4.1]
	at org.springframework.integration.dispatcher.AbstractDispatcher.tryOptimizedDispatch(AbstractDispatcher.java:115) ~[spring-integration-core-5.4.1.jar:5.4.1]
	at org.springframework.integration.dispatcher.UnicastingDispatcher.doDispatch(UnicastingDispatcher.java:133) ~[spring-integration-core-5.4.1.jar:5.4.1]
	at org.springframework.integration.dispatcher.UnicastingDispatcher.dispatch(UnicastingDispatcher.java:106) ~[spring-integration-core-5.4.1.jar:5.4.1]
	at org.springframework.integration.channel.AbstractSubscribableChannel.doSend(AbstractSubscribableChannel.java:72) ~[spring-integration-core-5.4.1.jar:5.4.1]
	at org.springframework.integration.channel.AbstractMessageChannel.send(AbstractMessageChannel.java:317) ~[spring-integration-core-5.4.1.jar:5.4.1]
	at org.springframework.integration.channel.AbstractMessageChannel.send(AbstractMessageChannel.java:272) ~[spring-integration-core-5.4.1.jar:5.4.1]
	at org.springframework.messaging.core.GenericMessagingTemplate.doSend(GenericMessagingTemplate.java:187) ~[spring-messaging-5.3.1.jar:5.3.1]
	at org.springframework.messaging.core.GenericMessagingTemplate.doSend(GenericMessagingTemplate.java:166) ~[spring-messaging-5.3.1.jar:5.3.1]
	at org.springframework.messaging.core.GenericMessagingTemplate.doSend(GenericMessagingTemplate.java:47) ~[spring-messaging-5.3.1.jar:5.3.1]
	at org.springframework.messaging.core.AbstractMessageSendingTemplate.send(AbstractMessageSendingTemplate.java:109) ~[spring-messaging-5.3.1.jar:5.3.1]
	at org.springframework.integration.handler.AbstractMessageProducingHandler.sendOutput(AbstractMessageProducingHandler.java:450) ~[spring-integration-core-5.4.1.jar:5.4.1]
	at org.springframework.integration.handler.AbstractMessageProducingHandler.doProduceOutput(AbstractMessageProducingHandler.java:324) ~[spring-integration-core-5.4.1.jar:5.4.1]
	at org.springframework.integration.handler.AbstractMessageProducingHandler.produceOutput(AbstractMessageProducingHandler.java:267) ~[spring-integration-core-5.4.1.jar:5.4.1]
	at org.springframework.integration.handler.AbstractMessageProducingHandler.sendOutputs(AbstractMessageProducingHandler.java:231) ~[spring-integration-core-5.4.1.jar:5.4.1]
	at org.springframework.integration.handler.AbstractReplyProducingMessageHandler.handleMessageInternal(AbstractReplyProducingMessageHandler.java:140) ~[spring-integration-core-5.4.1.jar:5.4.1]
	at org.springframework.integration.handler.AbstractMessageHandler.handleMessage(AbstractMessageHandler.java:56) ~[spring-integration-core-5.4.1.jar:5.4.1]
	at org.springframework.integration.dispatcher.AbstractDispatcher.tryOptimizedDispatch(AbstractDispatcher.java:115) ~[spring-integration-core-5.4.1.jar:5.4.1]
	at org.springframework.integration.dispatcher.UnicastingDispatcher.doDispatch(UnicastingDispatcher.java:133) ~[spring-integration-core-5.4.1.jar:5.4.1]
	at org.springframework.integration.dispatcher.UnicastingDispatcher.dispatch(UnicastingDispatcher.java:106) ~[spring-integration-core-5.4.1.jar:5.4.1]
	at org.springframework.integration.channel.AbstractSubscribableChannel.doSend(AbstractSubscribableChannel.java:72) ~[spring-integration-core-5.4.1.jar:5.4.1]
	at org.springframework.integration.channel.AbstractMessageChannel.send(AbstractMessageChannel.java:317) ~[spring-integration-core-5.4.1.jar:5.4.1]
	at org.springframework.integration.channel.AbstractMessageChannel.send(AbstractMessageChannel.java:272) ~[spring-integration-core-5.4.1.jar:5.4.1]
	at org.springframework.messaging.core.GenericMessagingTemplate.doSend(GenericMessagingTemplate.java:187) ~[spring-messaging-5.3.1.jar:5.3.1]
	at org.springframework.messaging.core.GenericMessagingTemplate.doSend(GenericMessagingTemplate.java:166) ~[spring-messaging-5.3.1.jar:5.3.1]
	at org.springframework.messaging.core.GenericMessagingTemplate.doSend(GenericMessagingTemplate.java:47) ~[spring-messaging-5.3.1.jar:5.3.1]
	at org.springframework.messaging.core.AbstractMessageSendingTemplate.send(AbstractMessageSendingTemplate.java:109) ~[spring-messaging-5.3.1.jar:5.3.1]
	at org.springframework.integration.handler.AbstractMessageProducingHandler.sendOutput(AbstractMessageProducingHandler.java:450) ~[spring-integration-core-5.4.1.jar:5.4.1]
	at org.springframework.integration.handler.AbstractMessageProducingHandler.doProduceOutput(AbstractMessageProducingHandler.java:324) ~[spring-integration-core-5.4.1.jar:5.4.1]
	at org.springframework.integration.handler.AbstractMessageProducingHandler.produceOutput(AbstractMessageProducingHandler.java:267) ~[spring-integration-core-5.4.1.jar:5.4.1]
	at org.springframework.integration.handler.AbstractMessageProducingHandler.sendOutputs(AbstractMessageProducingHandler.java:231) ~[spring-integration-core-5.4.1.jar:5.4.1]
	at org.springframework.integration.handler.AbstractReplyProducingMessageHandler.handleMessageInternal(AbstractReplyProducingMessageHandler.java:140) ~[spring-integration-core-5.4.1.jar:5.4.1]
	at org.springframework.integration.handler.AbstractMessageHandler.handleMessage(AbstractMessageHandler.java:56) ~[spring-integration-core-5.4.1.jar:5.4.1]
	at org.springframework.integration.dispatcher.AbstractDispatcher.tryOptimizedDispatch(AbstractDispatcher.java:115) ~[spring-integration-core-5.4.1.jar:5.4.1]
	at org.springframework.integration.dispatcher.UnicastingDispatcher.doDispatch(UnicastingDispatcher.java:133) ~[spring-integration-core-5.4.1.jar:5.4.1]
	at org.springframework.integration.dispatcher.UnicastingDispatcher.dispatch(UnicastingDispatcher.java:106) ~[spring-integration-core-5.4.1.jar:5.4.1]
	at org.springframework.integration.channel.AbstractSubscribableChannel.doSend(AbstractSubscribableChannel.java:72) ~[spring-integration-core-5.4.1.jar:5.4.1]
	at org.springframework.integration.channel.AbstractMessageChannel.send(AbstractMessageChannel.java:317) ~[spring-integration-core-5.4.1.jar:5.4.1]
	at org.springframework.integration.channel.AbstractMessageChannel.send(AbstractMessageChannel.java:272) ~[spring-integration-core-5.4.1.jar:5.4.1]
	at org.springframework.messaging.core.GenericMessagingTemplate.doSend(GenericMessagingTemplate.java:187) ~[spring-messaging-5.3.1.jar:5.3.1]
	at org.springframework.messaging.core.GenericMessagingTemplate.doSend(GenericMessagingTemplate.java:166) ~[spring-messaging-5.3.1.jar:5.3.1]
	at org.springframework.messaging.core.GenericMessagingTemplate.doSend(GenericMessagingTemplate.java:47) ~[spring-messaging-5.3.1.jar:5.3.1]
	at org.springframework.messaging.core.AbstractMessageSendingTemplate.send(AbstractMessageSendingTemplate.java:109) ~[spring-messaging-5.3.1.jar:5.3.1]
	at org.springframework.integration.endpoint.SourcePollingChannelAdapter.handleMessage(SourcePollingChannelAdapter.java:196) ~[spring-integration-core-5.4.1.jar:5.4.1]
	at org.springframework.integration.endpoint.AbstractPollingEndpoint.messageReceived(AbstractPollingEndpoint.java:445) ~[spring-integration-core-5.4.1.jar:5.4.1]
	at org.springframework.integration.endpoint.AbstractPollingEndpoint.doPoll(AbstractPollingEndpoint.java:429) ~[spring-integration-core-5.4.1.jar:5.4.1]
	at org.springframework.integration.endpoint.AbstractPollingEndpoint.pollForMessage(AbstractPollingEndpoint.java:377) ~[spring-integration-core-5.4.1.jar:5.4.1]
	at org.springframework.integration.endpoint.AbstractPollingEndpoint.lambda$null$3(AbstractPollingEndpoint.java:324) ~[spring-integration-core-5.4.1.jar:5.4.1]
	at org.springframework.integration.util.ErrorHandlingTaskExecutor.lambda$execute$0(ErrorHandlingTaskExecutor.java:57) ~[spring-integration-core-5.4.1.jar:5.4.1]
	at org.springframework.core.task.SyncTaskExecutor.execute(SyncTaskExecutor.java:50) ~[spring-core-5.3.1.jar:5.3.1]
	at org.springframework.integration.util.ErrorHandlingTaskExecutor.execute(ErrorHandlingTaskExecutor.java:55) ~[spring-integration-core-5.4.1.jar:5.4.1]
	at org.springframework.integration.endpoint.AbstractPollingEndpoint.lambda$createPoller$4(AbstractPollingEndpoint.java:321) ~[spring-integration-core-5.4.1.jar:5.4.1]
	at org.springframework.scheduling.support.DelegatingErrorHandlingRunnable.run(DelegatingErrorHandlingRunnable.java:54) ~[spring-context-5.3.1.jar:5.3.1]
	at org.springframework.scheduling.concurrent.ReschedulingRunnable.run(ReschedulingRunnable.java:95) ~[spring-context-5.3.1.jar:5.3.1]
	at java.util.concurrent.Executors$RunnableAdapter.call(Executors.java:511) ~[na:1.8.0_265]
	at java.util.concurrent.FutureTask.run(FutureTask.java:266) ~[na:1.8.0_265]
	at java.util.concurrent.ScheduledThreadPoolExecutor$ScheduledFutureTask.access$201(ScheduledThreadPoolExecutor.java:180) ~[na:1.8.0_265]
	at java.util.concurrent.ScheduledThreadPoolExecutor$ScheduledFutureTask.run(ScheduledThreadPoolExecutor.java:293) ~[na:1.8.0_265]
	at java.util.concurrent.ThreadPoolExecutor.runWorker(ThreadPoolExecutor.java:1149) ~[na:1.8.0_265]
	at java.util.concurrent.ThreadPoolExecutor$Worker.run(ThreadPoolExecutor.java:624) ~[na:1.8.0_265]
	at java.lang.Thread.run(Thread.java:748) ~[na:1.8.0_265]
Caused by: javax.jms.JMSException: java.lang.InterruptedException
	at org.apache.activemq.util.JMSExceptionSupport.create(JMSExceptionSupport.java:72) ~[activemq-client-5.16.0.jar:5.16.0]
	at org.apache.activemq.ActiveMQMessageConsumer.dequeue(ActiveMQMessageConsumer.java:536) ~[activemq-client-5.16.0.jar:5.16.0]
	at org.apache.activemq.ActiveMQMessageConsumer.receive(ActiveMQMessageConsumer.java:666) ~[activemq-client-5.16.0.jar:5.16.0]
	at org.springframework.integration.jms.JmsOutboundGateway.receiveReplyMessage(JmsOutboundGateway.java:1208) ~[spring-integration-jms-5.4.1.jar:5.4.1]
	at org.springframework.integration.jms.JmsOutboundGateway.doSendAndReceiveWithTemporaryReplyToDestination(JmsOutboundGateway.java:939) ~[spring-integration-jms-5.4.1.jar:5.4.1]
	at org.springframework.integration.jms.JmsOutboundGateway.sendAndReceiveWithoutContainer(JmsOutboundGateway.java:876) ~[spring-integration-jms-5.4.1.jar:5.4.1]
	at org.springframework.integration.jms.JmsOutboundGateway.handleRequestMessage(JmsOutboundGateway.java:726) ~[spring-integration-jms-5.4.1.jar:5.4.1]
	... 79 common frames omitted
Caused by: java.lang.InterruptedException: null
	at java.lang.Object.wait(Native Method) ~[na:1.8.0_265]
	at org.apache.activemq.FifoMessageDispatchChannel.dequeue(FifoMessageDispatchChannel.java:74) ~[activemq-client-5.16.0.jar:5.16.0]
	at org.apache.activemq.ActiveMQMessageConsumer.dequeue(ActiveMQMessageConsumer.java:499) ~[activemq-client-5.16.0.jar:5.16.0]
	... 84 common frames omitted

2020-11-22 00:06:47.995  INFO 40990 --- [extShutdownHook] o.s.integration.channel.DirectChannel    : Channel 'application.logging' has 0 subscriber(s).
2020-11-22 00:06:47.996  INFO 40990 --- [extShutdownHook] o.s.i.endpoint.EventDrivenConsumer       : stopped bean 'vendorFileConfiguration.loggingHandler.serviceActivator'
2020-11-22 00:06:47.997  INFO 40990 --- [extShutdownHook] o.s.s.c.ThreadPoolTaskScheduler          : Shutting down ExecutorService 'taskScheduler'
2020-11-22 00:06:47.997 ERROR 40990 --- [ask-scheduler-2] o.s.i.c.MessagePublishingErrorHandler    : failure occurred in messaging task with message: GenericMessage [payload=/Users/kishorchukka/dev/spring/mizuho/vendor-price-aggregator/target/classes/source/vendor1-inputfile.txt, headers={file_originalFile=/Users/kishorchukka/dev/spring/mizuho/vendor-price-aggregator/target/classes/source/vendor1-inputfile.txt, id=2dce42ed-b86d-c60d-2d2b-06cfe8052c88, file_name=vendor1-inputfile.txt, file_relativePath=vendor1-inputfile.txt, timestamp=1606003606771}]

org.springframework.integration.support.MessagingExceptionWrapper: nested exception is org.springframework.messaging.MessageHandlingException: failed to handle a message in the [bean 'vendor2JmsOutboundGateway' for component 'vendor1ProcessFileFlow.org.springframework.integration.config.ConsumerEndpointFactoryBean#3'; defined in: 'class path resource [com/integwise/aggregator/config/VendorFileConfiguration.class]'; from source: 'org.springframework.core.type.classreading.SimpleMethodMetadata@58359ebd']; nested exception is javax.jms.JMSException: java.lang.InterruptedException, failedMessage=GenericMessage [payload={"vendorId": "Vendor1", "instrumentId": "APPL", "bidPrice": 100.30, "askPrice": 101.10, "priceDate": "2020-11-21T10:20:22"}, headers={sequenceNumber=1, file_name=vendor1-inputfile.txt, sequenceSize=2, correlationId=00d27dbc-40be-7d0a-6faf-a53245dfbdec, file_originalFile=/Users/kishorchukka/dev/spring/mizuho/vendor-price-aggregator/target/classes/source/vendor1-inputfile.txt, id=e6f888ac-b800-9e39-f784-89b9cb55521e, file_relativePath=vendor1-inputfile.txt, timestamp=1606003606779}]
	at org.springframework.integration.endpoint.AbstractPollingEndpoint.messageReceived(AbstractPollingEndpoint.java:448) ~[spring-integration-core-5.4.1.jar:5.4.1]
	at org.springframework.integration.endpoint.AbstractPollingEndpoint.doPoll(AbstractPollingEndpoint.java:429) ~[spring-integration-core-5.4.1.jar:5.4.1]
	at org.springframework.integration.endpoint.AbstractPollingEndpoint.pollForMessage(AbstractPollingEndpoint.java:377) ~[spring-integration-core-5.4.1.jar:5.4.1]
	at org.springframework.integration.endpoint.AbstractPollingEndpoint.lambda$null$3(AbstractPollingEndpoint.java:324) ~[spring-integration-core-5.4.1.jar:5.4.1]
	at org.springframework.integration.util.ErrorHandlingTaskExecutor.lambda$execute$0(ErrorHandlingTaskExecutor.java:57) ~[spring-integration-core-5.4.1.jar:5.4.1]
	at org.springframework.core.task.SyncTaskExecutor.execute(SyncTaskExecutor.java:50) ~[spring-core-5.3.1.jar:5.3.1]
	at org.springframework.integration.util.ErrorHandlingTaskExecutor.execute(ErrorHandlingTaskExecutor.java:55) ~[spring-integration-core-5.4.1.jar:5.4.1]
	at org.springframework.integration.endpoint.AbstractPollingEndpoint.lambda$createPoller$4(AbstractPollingEndpoint.java:321) ~[spring-integration-core-5.4.1.jar:5.4.1]
	at org.springframework.scheduling.support.DelegatingErrorHandlingRunnable.run(DelegatingErrorHandlingRunnable.java:54) ~[spring-context-5.3.1.jar:5.3.1]
	at org.springframework.scheduling.concurrent.ReschedulingRunnable.run(ReschedulingRunnable.java:95) ~[spring-context-5.3.1.jar:5.3.1]
	at java.util.concurrent.Executors$RunnableAdapter.call(Executors.java:511) ~[na:1.8.0_265]
	at java.util.concurrent.FutureTask.run(FutureTask.java:266) ~[na:1.8.0_265]
	at java.util.concurrent.ScheduledThreadPoolExecutor$ScheduledFutureTask.access$201(ScheduledThreadPoolExecutor.java:180) ~[na:1.8.0_265]
	at java.util.concurrent.ScheduledThreadPoolExecutor$ScheduledFutureTask.run(ScheduledThreadPoolExecutor.java:293) ~[na:1.8.0_265]
	at java.util.concurrent.ThreadPoolExecutor.runWorker(ThreadPoolExecutor.java:1149) ~[na:1.8.0_265]
	at java.util.concurrent.ThreadPoolExecutor$Worker.run(ThreadPoolExecutor.java:624) ~[na:1.8.0_265]
	at java.lang.Thread.run(Thread.java:748) ~[na:1.8.0_265]
Caused by: org.springframework.messaging.MessageHandlingException: failed to handle a message in the [bean 'vendor2JmsOutboundGateway' for component 'vendor1ProcessFileFlow.org.springframework.integration.config.ConsumerEndpointFactoryBean#3'; defined in: 'class path resource [com/integwise/aggregator/config/VendorFileConfiguration.class]'; from source: 'org.springframework.core.type.classreading.SimpleMethodMetadata@58359ebd']; nested exception is javax.jms.JMSException: java.lang.InterruptedException
	at org.springframework.integration.jms.JmsOutboundGateway.handleRequestMessage(JmsOutboundGateway.java:760) ~[spring-integration-jms-5.4.1.jar:5.4.1]
	at org.springframework.integration.handler.AbstractReplyProducingMessageHandler.handleMessageInternal(AbstractReplyProducingMessageHandler.java:134) ~[spring-integration-core-5.4.1.jar:5.4.1]
	at org.springframework.integration.handler.AbstractMessageHandler.handleMessage(AbstractMessageHandler.java:56) ~[spring-integration-core-5.4.1.jar:5.4.1]
	at org.springframework.integration.dispatcher.AbstractDispatcher.tryOptimizedDispatch(AbstractDispatcher.java:115) ~[spring-integration-core-5.4.1.jar:5.4.1]
	at org.springframework.integration.dispatcher.UnicastingDispatcher.doDispatch(UnicastingDispatcher.java:133) ~[spring-integration-core-5.4.1.jar:5.4.1]
	at org.springframework.integration.dispatcher.UnicastingDispatcher.dispatch(UnicastingDispatcher.java:106) ~[spring-integration-core-5.4.1.jar:5.4.1]
	at org.springframework.integration.channel.AbstractSubscribableChannel.doSend(AbstractSubscribableChannel.java:72) ~[spring-integration-core-5.4.1.jar:5.4.1]
	at org.springframework.integration.channel.AbstractMessageChannel.send(AbstractMessageChannel.java:317) ~[spring-integration-core-5.4.1.jar:5.4.1]
	at org.springframework.integration.channel.AbstractMessageChannel.send(AbstractMessageChannel.java:272) ~[spring-integration-core-5.4.1.jar:5.4.1]
	at org.springframework.messaging.core.GenericMessagingTemplate.doSend(GenericMessagingTemplate.java:187) ~[spring-messaging-5.3.1.jar:5.3.1]
	at org.springframework.messaging.core.GenericMessagingTemplate.doSend(GenericMessagingTemplate.java:166) ~[spring-messaging-5.3.1.jar:5.3.1]
	at org.springframework.messaging.core.GenericMessagingTemplate.doSend(GenericMessagingTemplate.java:47) ~[spring-messaging-5.3.1.jar:5.3.1]
	at org.springframework.messaging.core.AbstractMessageSendingTemplate.send(AbstractMessageSendingTemplate.java:109) ~[spring-messaging-5.3.1.jar:5.3.1]
	at org.springframework.integration.handler.AbstractMessageProducingHandler.sendOutput(AbstractMessageProducingHandler.java:450) ~[spring-integration-core-5.4.1.jar:5.4.1]
	at org.springframework.integration.handler.AbstractMessageProducingHandler.doProduceOutput(AbstractMessageProducingHandler.java:324) ~[spring-integration-core-5.4.1.jar:5.4.1]
	at org.springframework.integration.handler.AbstractMessageProducingHandler.produceOutput(AbstractMessageProducingHandler.java:267) ~[spring-integration-core-5.4.1.jar:5.4.1]
	at org.springframework.integration.splitter.AbstractMessageSplitter.produceOutput(AbstractMessageSplitter.java:311) ~[spring-integration-core-5.4.1.jar:5.4.1]
	at org.springframework.integration.handler.AbstractMessageProducingHandler.sendOutputs(AbstractMessageProducingHandler.java:231) ~[spring-integration-core-5.4.1.jar:5.4.1]
	at org.springframework.integration.handler.AbstractReplyProducingMessageHandler.handleMessageInternal(AbstractReplyProducingMessageHandler.java:140) ~[spring-integration-core-5.4.1.jar:5.4.1]
	at org.springframework.integration.handler.AbstractMessageHandler.handleMessage(AbstractMessageHandler.java:56) ~[spring-integration-core-5.4.1.jar:5.4.1]
	at org.springframework.integration.dispatcher.AbstractDispatcher.tryOptimizedDispatch(AbstractDispatcher.java:115) ~[spring-integration-core-5.4.1.jar:5.4.1]
	at org.springframework.integration.dispatcher.UnicastingDispatcher.doDispatch(UnicastingDispatcher.java:133) ~[spring-integration-core-5.4.1.jar:5.4.1]
	at org.springframework.integration.dispatcher.UnicastingDispatcher.dispatch(UnicastingDispatcher.java:106) ~[spring-integration-core-5.4.1.jar:5.4.1]
	at org.springframework.integration.channel.AbstractSubscribableChannel.doSend(AbstractSubscribableChannel.java:72) ~[spring-integration-core-5.4.1.jar:5.4.1]
	at org.springframework.integration.channel.AbstractMessageChannel.send(AbstractMessageChannel.java:317) ~[spring-integration-core-5.4.1.jar:5.4.1]
	at org.springframework.integration.channel.AbstractMessageChannel.send(AbstractMessageChannel.java:272) ~[spring-integration-core-5.4.1.jar:5.4.1]
	at org.springframework.messaging.core.GenericMessagingTemplate.doSend(GenericMessagingTemplate.java:187) ~[spring-messaging-5.3.1.jar:5.3.1]
	at org.springframework.messaging.core.GenericMessagingTemplate.doSend(GenericMessagingTemplate.java:166) ~[spring-messaging-5.3.1.jar:5.3.1]
	at org.springframework.messaging.core.GenericMessagingTemplate.doSend(GenericMessagingTemplate.java:47) ~[spring-messaging-5.3.1.jar:5.3.1]
	at org.springframework.messaging.core.AbstractMessageSendingTemplate.send(AbstractMessageSendingTemplate.java:109) ~[spring-messaging-5.3.1.jar:5.3.1]
	at org.springframework.integration.handler.AbstractMessageProducingHandler.sendOutput(AbstractMessageProducingHandler.java:450) ~[spring-integration-core-5.4.1.jar:5.4.1]
	at org.springframework.integration.handler.AbstractMessageProducingHandler.doProduceOutput(AbstractMessageProducingHandler.java:324) ~[spring-integration-core-5.4.1.jar:5.4.1]
	at org.springframework.integration.handler.AbstractMessageProducingHandler.produceOutput(AbstractMessageProducingHandler.java:267) ~[spring-integration-core-5.4.1.jar:5.4.1]
	at org.springframework.integration.handler.AbstractMessageProducingHandler.sendOutputs(AbstractMessageProducingHandler.java:231) ~[spring-integration-core-5.4.1.jar:5.4.1]
	at org.springframework.integration.handler.AbstractReplyProducingMessageHandler.handleMessageInternal(AbstractReplyProducingMessageHandler.java:140) ~[spring-integration-core-5.4.1.jar:5.4.1]
	at org.springframework.integration.handler.AbstractMessageHandler.handleMessage(AbstractMessageHandler.java:56) ~[spring-integration-core-5.4.1.jar:5.4.1]
	at org.springframework.integration.dispatcher.AbstractDispatcher.tryOptimizedDispatch(AbstractDispatcher.java:115) ~[spring-integration-core-5.4.1.jar:5.4.1]
	at org.springframework.integration.dispatcher.UnicastingDispatcher.doDispatch(UnicastingDispatcher.java:133) ~[spring-integration-core-5.4.1.jar:5.4.1]
	at org.springframework.integration.dispatcher.UnicastingDispatcher.dispatch(UnicastingDispatcher.java:106) ~[spring-integration-core-5.4.1.jar:5.4.1]
	at org.springframework.integration.channel.AbstractSubscribableChannel.doSend(AbstractSubscribableChannel.java:72) ~[spring-integration-core-5.4.1.jar:5.4.1]
	at org.springframework.integration.channel.AbstractMessageChannel.send(AbstractMessageChannel.java:317) ~[spring-integration-core-5.4.1.jar:5.4.1]
	at org.springframework.integration.channel.AbstractMessageChannel.send(AbstractMessageChannel.java:272) ~[spring-integration-core-5.4.1.jar:5.4.1]
	at org.springframework.messaging.core.GenericMessagingTemplate.doSend(GenericMessagingTemplate.java:187) ~[spring-messaging-5.3.1.jar:5.3.1]
	at org.springframework.messaging.core.GenericMessagingTemplate.doSend(GenericMessagingTemplate.java:166) ~[spring-messaging-5.3.1.jar:5.3.1]
	at org.springframework.messaging.core.GenericMessagingTemplate.doSend(GenericMessagingTemplate.java:47) ~[spring-messaging-5.3.1.jar:5.3.1]
	at org.springframework.messaging.core.AbstractMessageSendingTemplate.send(AbstractMessageSendingTemplate.java:109) ~[spring-messaging-5.3.1.jar:5.3.1]
	at org.springframework.integration.handler.AbstractMessageProducingHandler.sendOutput(AbstractMessageProducingHandler.java:450) ~[spring-integration-core-5.4.1.jar:5.4.1]
	at org.springframework.integration.handler.AbstractMessageProducingHandler.doProduceOutput(AbstractMessageProducingHandler.java:324) ~[spring-integration-core-5.4.1.jar:5.4.1]
	at org.springframework.integration.handler.AbstractMessageProducingHandler.produceOutput(AbstractMessageProducingHandler.java:267) ~[spring-integration-core-5.4.1.jar:5.4.1]
	at org.springframework.integration.handler.AbstractMessageProducingHandler.sendOutputs(AbstractMessageProducingHandler.java:231) ~[spring-integration-core-5.4.1.jar:5.4.1]
	at org.springframework.integration.handler.AbstractReplyProducingMessageHandler.handleMessageInternal(AbstractReplyProducingMessageHandler.java:140) ~[spring-integration-core-5.4.1.jar:5.4.1]
	at org.springframework.integration.handler.AbstractMessageHandler.handleMessage(AbstractMessageHandler.java:56) ~[spring-integration-core-5.4.1.jar:5.4.1]
	at org.springframework.integration.dispatcher.AbstractDispatcher.tryOptimizedDispatch(AbstractDispatcher.java:115) ~[spring-integration-core-5.4.1.jar:5.4.1]
	at org.springframework.integration.dispatcher.UnicastingDispatcher.doDispatch(UnicastingDispatcher.java:133) ~[spring-integration-core-5.4.1.jar:5.4.1]
	at org.springframework.integration.dispatcher.UnicastingDispatcher.dispatch(UnicastingDispatcher.java:106) ~[spring-integration-core-5.4.1.jar:5.4.1]
	at org.springframework.integration.channel.AbstractSubscribableChannel.doSend(AbstractSubscribableChannel.java:72) ~[spring-integration-core-5.4.1.jar:5.4.1]
	at org.springframework.integration.channel.AbstractMessageChannel.send(AbstractMessageChannel.java:317) ~[spring-integration-core-5.4.1.jar:5.4.1]
	at org.springframework.integration.channel.AbstractMessageChannel.send(AbstractMessageChannel.java:272) ~[spring-integration-core-5.4.1.jar:5.4.1]
	at org.springframework.messaging.core.GenericMessagingTemplate.doSend(GenericMessagingTemplate.java:187) ~[spring-messaging-5.3.1.jar:5.3.1]
	at org.springframework.messaging.core.GenericMessagingTemplate.doSend(GenericMessagingTemplate.java:166) ~[spring-messaging-5.3.1.jar:5.3.1]
	at org.springframework.messaging.core.GenericMessagingTemplate.doSend(GenericMessagingTemplate.java:47) ~[spring-messaging-5.3.1.jar:5.3.1]
	at org.springframework.messaging.core.AbstractMessageSendingTemplate.send(AbstractMessageSendingTemplate.java:109) ~[spring-messaging-5.3.1.jar:5.3.1]
	at org.springframework.integration.endpoint.SourcePollingChannelAdapter.handleMessage(SourcePollingChannelAdapter.java:196) ~[spring-integration-core-5.4.1.jar:5.4.1]
	at org.springframework.integration.endpoint.AbstractPollingEndpoint.messageReceived(AbstractPollingEndpoint.java:445) ~[spring-integration-core-5.4.1.jar:5.4.1]
	... 16 common frames omitted
Caused by: javax.jms.JMSException: java.lang.InterruptedException
	at org.apache.activemq.util.JMSExceptionSupport.create(JMSExceptionSupport.java:72) ~[activemq-client-5.16.0.jar:5.16.0]
	at org.apache.activemq.ActiveMQMessageConsumer.dequeue(ActiveMQMessageConsumer.java:536) ~[activemq-client-5.16.0.jar:5.16.0]
	at org.apache.activemq.ActiveMQMessageConsumer.receive(ActiveMQMessageConsumer.java:666) ~[activemq-client-5.16.0.jar:5.16.0]
	at org.springframework.integration.jms.JmsOutboundGateway.receiveReplyMessage(JmsOutboundGateway.java:1208) ~[spring-integration-jms-5.4.1.jar:5.4.1]
	at org.springframework.integration.jms.JmsOutboundGateway.doSendAndReceiveWithTemporaryReplyToDestination(JmsOutboundGateway.java:939) ~[spring-integration-jms-5.4.1.jar:5.4.1]
	at org.springframework.integration.jms.JmsOutboundGateway.sendAndReceiveWithoutContainer(JmsOutboundGateway.java:876) ~[spring-integration-jms-5.4.1.jar:5.4.1]
	at org.springframework.integration.jms.JmsOutboundGateway.handleRequestMessage(JmsOutboundGateway.java:726) ~[spring-integration-jms-5.4.1.jar:5.4.1]
	... 79 common frames omitted
Caused by: java.lang.InterruptedException: null
	at java.lang.Object.wait(Native Method) ~[na:1.8.0_265]
	at org.apache.activemq.FifoMessageDispatchChannel.dequeue(FifoMessageDispatchChannel.java:74) ~[activemq-client-5.16.0.jar:5.16.0]
	at org.apache.activemq.ActiveMQMessageConsumer.dequeue(ActiveMQMessageConsumer.java:499) ~[activemq-client-5.16.0.jar:5.16.0]
	... 84 common frames omitted

2020-11-22 00:06:47.997 ERROR 40990 --- [ask-scheduler-1] o.s.i.c.MessagePublishingErrorHandler    : failure occurred in messaging task with message: GenericMessage [payload=/Users/kishorchukka/dev/spring/mizuho/vendor-price-aggregator/target/classes/source/vendor2-inputfile.txt, headers={file_originalFile=/Users/kishorchukka/dev/spring/mizuho/vendor-price-aggregator/target/classes/source/vendor2-inputfile.txt, id=d5b91ff5-1184-f193-d8c5-2aacca5bae34, file_name=vendor2-inputfile.txt, file_relativePath=vendor2-inputfile.txt, timestamp=1606003606771}]

org.springframework.integration.support.MessagingExceptionWrapper: nested exception is org.springframework.messaging.MessageHandlingException: failed to handle a message in the [bean 'vendor2JmsOutboundGateway' for component 'vendor1ProcessFileFlow.org.springframework.integration.config.ConsumerEndpointFactoryBean#3'; defined in: 'class path resource [com/integwise/aggregator/config/VendorFileConfiguration.class]'; from source: 'org.springframework.core.type.classreading.SimpleMethodMetadata@58359ebd']; nested exception is javax.jms.JMSException: java.lang.InterruptedException, failedMessage=GenericMessage [payload={"vendorId": "Vendor2", "instrumentId": "APPL", "bidPrice": 100.30, "askPrice": 101.10, "priceDate": "2020-11-21T10:20:22"}, headers={sequenceNumber=1, file_name=vendor2-inputfile.txt, sequenceSize=2, correlationId=45ab0f82-14f8-8237-7156-77bad0cd37d4, file_originalFile=/Users/kishorchukka/dev/spring/mizuho/vendor-price-aggregator/target/classes/source/vendor2-inputfile.txt, id=a96e4db4-2d49-daef-a39f-8fae877552c9, file_relativePath=vendor2-inputfile.txt, timestamp=1606003606779}]
	at org.springframework.integration.endpoint.AbstractPollingEndpoint.messageReceived(AbstractPollingEndpoint.java:448) ~[spring-integration-core-5.4.1.jar:5.4.1]
	at org.springframework.integration.endpoint.AbstractPollingEndpoint.doPoll(AbstractPollingEndpoint.java:429) ~[spring-integration-core-5.4.1.jar:5.4.1]
	at org.springframework.integration.endpoint.AbstractPollingEndpoint.pollForMessage(AbstractPollingEndpoint.java:377) ~[spring-integration-core-5.4.1.jar:5.4.1]
	at org.springframework.integration.endpoint.AbstractPollingEndpoint.lambda$null$3(AbstractPollingEndpoint.java:324) ~[spring-integration-core-5.4.1.jar:5.4.1]
	at org.springframework.integration.util.ErrorHandlingTaskExecutor.lambda$execute$0(ErrorHandlingTaskExecutor.java:57) ~[spring-integration-core-5.4.1.jar:5.4.1]
	at org.springframework.core.task.SyncTaskExecutor.execute(SyncTaskExecutor.java:50) ~[spring-core-5.3.1.jar:5.3.1]
	at org.springframework.integration.util.ErrorHandlingTaskExecutor.execute(ErrorHandlingTaskExecutor.java:55) ~[spring-integration-core-5.4.1.jar:5.4.1]
	at org.springframework.integration.endpoint.AbstractPollingEndpoint.lambda$createPoller$4(AbstractPollingEndpoint.java:321) ~[spring-integration-core-5.4.1.jar:5.4.1]
	at org.springframework.scheduling.support.DelegatingErrorHandlingRunnable.run(DelegatingErrorHandlingRunnable.java:54) ~[spring-context-5.3.1.jar:5.3.1]
	at org.springframework.scheduling.concurrent.ReschedulingRunnable.run(ReschedulingRunnable.java:95) ~[spring-context-5.3.1.jar:5.3.1]
	at java.util.concurrent.Executors$RunnableAdapter.call(Executors.java:511) ~[na:1.8.0_265]
	at java.util.concurrent.FutureTask.run(FutureTask.java:266) ~[na:1.8.0_265]
	at java.util.concurrent.ScheduledThreadPoolExecutor$ScheduledFutureTask.access$201(ScheduledThreadPoolExecutor.java:180) ~[na:1.8.0_265]
	at java.util.concurrent.ScheduledThreadPoolExecutor$ScheduledFutureTask.run(ScheduledThreadPoolExecutor.java:293) ~[na:1.8.0_265]
	at java.util.concurrent.ThreadPoolExecutor.runWorker(ThreadPoolExecutor.java:1149) ~[na:1.8.0_265]
	at java.util.concurrent.ThreadPoolExecutor$Worker.run(ThreadPoolExecutor.java:624) ~[na:1.8.0_265]
	at java.lang.Thread.run(Thread.java:748) ~[na:1.8.0_265]
Caused by: org.springframework.messaging.MessageHandlingException: failed to handle a message in the [bean 'vendor2JmsOutboundGateway' for component 'vendor1ProcessFileFlow.org.springframework.integration.config.ConsumerEndpointFactoryBean#3'; defined in: 'class path resource [com/integwise/aggregator/config/VendorFileConfiguration.class]'; from source: 'org.springframework.core.type.classreading.SimpleMethodMetadata@58359ebd']; nested exception is javax.jms.JMSException: java.lang.InterruptedException
	at org.springframework.integration.jms.JmsOutboundGateway.handleRequestMessage(JmsOutboundGateway.java:760) ~[spring-integration-jms-5.4.1.jar:5.4.1]
	at org.springframework.integration.handler.AbstractReplyProducingMessageHandler.handleMessageInternal(AbstractReplyProducingMessageHandler.java:134) ~[spring-integration-core-5.4.1.jar:5.4.1]
	at org.springframework.integration.handler.AbstractMessageHandler.handleMessage(AbstractMessageHandler.java:56) ~[spring-integration-core-5.4.1.jar:5.4.1]
	at org.springframework.integration.dispatcher.AbstractDispatcher.tryOptimizedDispatch(AbstractDispatcher.java:115) ~[spring-integration-core-5.4.1.jar:5.4.1]
	at org.springframework.integration.dispatcher.UnicastingDispatcher.doDispatch(UnicastingDispatcher.java:133) ~[spring-integration-core-5.4.1.jar:5.4.1]
	at org.springframework.integration.dispatcher.UnicastingDispatcher.dispatch(UnicastingDispatcher.java:106) ~[spring-integration-core-5.4.1.jar:5.4.1]
	at org.springframework.integration.channel.AbstractSubscribableChannel.doSend(AbstractSubscribableChannel.java:72) ~[spring-integration-core-5.4.1.jar:5.4.1]
	at org.springframework.integration.channel.AbstractMessageChannel.send(AbstractMessageChannel.java:317) ~[spring-integration-core-5.4.1.jar:5.4.1]
	at org.springframework.integration.channel.AbstractMessageChannel.send(AbstractMessageChannel.java:272) ~[spring-integration-core-5.4.1.jar:5.4.1]
	at org.springframework.messaging.core.GenericMessagingTemplate.doSend(GenericMessagingTemplate.java:187) ~[spring-messaging-5.3.1.jar:5.3.1]
	at org.springframework.messaging.core.GenericMessagingTemplate.doSend(GenericMessagingTemplate.java:166) ~[spring-messaging-5.3.1.jar:5.3.1]
	at org.springframework.messaging.core.GenericMessagingTemplate.doSend(GenericMessagingTemplate.java:47) ~[spring-messaging-5.3.1.jar:5.3.1]
	at org.springframework.messaging.core.AbstractMessageSendingTemplate.send(AbstractMessageSendingTemplate.java:109) ~[spring-messaging-5.3.1.jar:5.3.1]
	at org.springframework.integration.handler.AbstractMessageProducingHandler.sendOutput(AbstractMessageProducingHandler.java:450) ~[spring-integration-core-5.4.1.jar:5.4.1]
	at org.springframework.integration.handler.AbstractMessageProducingHandler.doProduceOutput(AbstractMessageProducingHandler.java:324) ~[spring-integration-core-5.4.1.jar:5.4.1]
	at org.springframework.integration.handler.AbstractMessageProducingHandler.produceOutput(AbstractMessageProducingHandler.java:267) ~[spring-integration-core-5.4.1.jar:5.4.1]
	at org.springframework.integration.splitter.AbstractMessageSplitter.produceOutput(AbstractMessageSplitter.java:311) ~[spring-integration-core-5.4.1.jar:5.4.1]
	at org.springframework.integration.handler.AbstractMessageProducingHandler.sendOutputs(AbstractMessageProducingHandler.java:231) ~[spring-integration-core-5.4.1.jar:5.4.1]
	at org.springframework.integration.handler.AbstractReplyProducingMessageHandler.handleMessageInternal(AbstractReplyProducingMessageHandler.java:140) ~[spring-integration-core-5.4.1.jar:5.4.1]
	at org.springframework.integration.handler.AbstractMessageHandler.handleMessage(AbstractMessageHandler.java:56) ~[spring-integration-core-5.4.1.jar:5.4.1]
	at org.springframework.integration.dispatcher.AbstractDispatcher.tryOptimizedDispatch(AbstractDispatcher.java:115) ~[spring-integration-core-5.4.1.jar:5.4.1]
	at org.springframework.integration.dispatcher.UnicastingDispatcher.doDispatch(UnicastingDispatcher.java:133) ~[spring-integration-core-5.4.1.jar:5.4.1]
	at org.springframework.integration.dispatcher.UnicastingDispatcher.dispatch(UnicastingDispatcher.java:106) ~[spring-integration-core-5.4.1.jar:5.4.1]
	at org.springframework.integration.channel.AbstractSubscribableChannel.doSend(AbstractSubscribableChannel.java:72) ~[spring-integration-core-5.4.1.jar:5.4.1]
	at org.springframework.integration.channel.AbstractMessageChannel.send(AbstractMessageChannel.java:317) ~[spring-integration-core-5.4.1.jar:5.4.1]
	at org.springframework.integration.channel.AbstractMessageChannel.send(AbstractMessageChannel.java:272) ~[spring-integration-core-5.4.1.jar:5.4.1]
	at org.springframework.messaging.core.GenericMessagingTemplate.doSend(GenericMessagingTemplate.java:187) ~[spring-messaging-5.3.1.jar:5.3.1]
	at org.springframework.messaging.core.GenericMessagingTemplate.doSend(GenericMessagingTemplate.java:166) ~[spring-messaging-5.3.1.jar:5.3.1]
	at org.springframework.messaging.core.GenericMessagingTemplate.doSend(GenericMessagingTemplate.java:47) ~[spring-messaging-5.3.1.jar:5.3.1]
	at org.springframework.messaging.core.AbstractMessageSendingTemplate.send(AbstractMessageSendingTemplate.java:109) ~[spring-messaging-5.3.1.jar:5.3.1]
	at org.springframework.integration.handler.AbstractMessageProducingHandler.sendOutput(AbstractMessageProducingHandler.java:450) ~[spring-integration-core-5.4.1.jar:5.4.1]
	at org.springframework.integration.handler.AbstractMessageProducingHandler.doProduceOutput(AbstractMessageProducingHandler.java:324) ~[spring-integration-core-5.4.1.jar:5.4.1]
	at org.springframework.integration.handler.AbstractMessageProducingHandler.produceOutput(AbstractMessageProducingHandler.java:267) ~[spring-integration-core-5.4.1.jar:5.4.1]
	at org.springframework.integration.handler.AbstractMessageProducingHandler.sendOutputs(AbstractMessageProducingHandler.java:231) ~[spring-integration-core-5.4.1.jar:5.4.1]
	at org.springframework.integration.handler.AbstractReplyProducingMessageHandler.handleMessageInternal(AbstractReplyProducingMessageHandler.java:140) ~[spring-integration-core-5.4.1.jar:5.4.1]
	at org.springframework.integration.handler.AbstractMessageHandler.handleMessage(AbstractMessageHandler.java:56) ~[spring-integration-core-5.4.1.jar:5.4.1]
	at org.springframework.integration.dispatcher.AbstractDispatcher.tryOptimizedDispatch(AbstractDispatcher.java:115) ~[spring-integration-core-5.4.1.jar:5.4.1]
	at org.springframework.integration.dispatcher.UnicastingDispatcher.doDispatch(UnicastingDispatcher.java:133) ~[spring-integration-core-5.4.1.jar:5.4.1]
	at org.springframework.integration.dispatcher.UnicastingDispatcher.dispatch(UnicastingDispatcher.java:106) ~[spring-integration-core-5.4.1.jar:5.4.1]
	at org.springframework.integration.channel.AbstractSubscribableChannel.doSend(AbstractSubscribableChannel.java:72) ~[spring-integration-core-5.4.1.jar:5.4.1]
	at org.springframework.integration.channel.AbstractMessageChannel.send(AbstractMessageChannel.java:317) ~[spring-integration-core-5.4.1.jar:5.4.1]
	at org.springframework.integration.channel.AbstractMessageChannel.send(AbstractMessageChannel.java:272) ~[spring-integration-core-5.4.1.jar:5.4.1]
	at org.springframework.messaging.core.GenericMessagingTemplate.doSend(GenericMessagingTemplate.java:187) ~[spring-messaging-5.3.1.jar:5.3.1]
	at org.springframework.messaging.core.GenericMessagingTemplate.doSend(GenericMessagingTemplate.java:166) ~[spring-messaging-5.3.1.jar:5.3.1]
	at org.springframework.messaging.core.GenericMessagingTemplate.doSend(GenericMessagingTemplate.java:47) ~[spring-messaging-5.3.1.jar:5.3.1]
	at org.springframework.messaging.core.AbstractMessageSendingTemplate.send(AbstractMessageSendingTemplate.java:109) ~[spring-messaging-5.3.1.jar:5.3.1]
	at org.springframework.integration.handler.AbstractMessageProducingHandler.sendOutput(AbstractMessageProducingHandler.java:450) ~[spring-integration-core-5.4.1.jar:5.4.1]
	at org.springframework.integration.handler.AbstractMessageProducingHandler.doProduceOutput(AbstractMessageProducingHandler.java:324) ~[spring-integration-core-5.4.1.jar:5.4.1]
	at org.springframework.integration.handler.AbstractMessageProducingHandler.produceOutput(AbstractMessageProducingHandler.java:267) ~[spring-integration-core-5.4.1.jar:5.4.1]
	at org.springframework.integration.handler.AbstractMessageProducingHandler.sendOutputs(AbstractMessageProducingHandler.java:231) ~[spring-integration-core-5.4.1.jar:5.4.1]
	at org.springframework.integration.handler.AbstractReplyProducingMessageHandler.handleMessageInternal(AbstractReplyProducingMessageHandler.java:140) ~[spring-integration-core-5.4.1.jar:5.4.1]
	at org.springframework.integration.handler.AbstractMessageHandler.handleMessage(AbstractMessageHandler.java:56) ~[spring-integration-core-5.4.1.jar:5.4.1]
	at org.springframework.integration.dispatcher.AbstractDispatcher.tryOptimizedDispatch(AbstractDispatcher.java:115) ~[spring-integration-core-5.4.1.jar:5.4.1]
	at org.springframework.integration.dispatcher.UnicastingDispatcher.doDispatch(UnicastingDispatcher.java:133) ~[spring-integration-core-5.4.1.jar:5.4.1]
	at org.springframework.integration.dispatcher.UnicastingDispatcher.dispatch(UnicastingDispatcher.java:106) ~[spring-integration-core-5.4.1.jar:5.4.1]
	at org.springframework.integration.channel.AbstractSubscribableChannel.doSend(AbstractSubscribableChannel.java:72) ~[spring-integration-core-5.4.1.jar:5.4.1]
	at org.springframework.integration.channel.AbstractMessageChannel.send(AbstractMessageChannel.java:317) ~[spring-integration-core-5.4.1.jar:5.4.1]
	at org.springframework.integration.channel.AbstractMessageChannel.send(AbstractMessageChannel.java:272) ~[spring-integration-core-5.4.1.jar:5.4.1]
	at org.springframework.messaging.core.GenericMessagingTemplate.doSend(GenericMessagingTemplate.java:187) ~[spring-messaging-5.3.1.jar:5.3.1]
	at org.springframework.messaging.core.GenericMessagingTemplate.doSend(GenericMessagingTemplate.java:166) ~[spring-messaging-5.3.1.jar:5.3.1]
	at org.springframework.messaging.core.GenericMessagingTemplate.doSend(GenericMessagingTemplate.java:47) ~[spring-messaging-5.3.1.jar:5.3.1]
	at org.springframework.messaging.core.AbstractMessageSendingTemplate.send(AbstractMessageSendingTemplate.java:109) ~[spring-messaging-5.3.1.jar:5.3.1]
	at org.springframework.integration.endpoint.SourcePollingChannelAdapter.handleMessage(SourcePollingChannelAdapter.java:196) ~[spring-integration-core-5.4.1.jar:5.4.1]
	at org.springframework.integration.endpoint.AbstractPollingEndpoint.messageReceived(AbstractPollingEndpoint.java:445) ~[spring-integration-core-5.4.1.jar:5.4.1]
	... 16 common frames omitted
Caused by: javax.jms.JMSException: java.lang.InterruptedException
	at org.apache.activemq.util.JMSExceptionSupport.create(JMSExceptionSupport.java:72) ~[activemq-client-5.16.0.jar:5.16.0]
	at org.apache.activemq.ActiveMQMessageConsumer.dequeue(ActiveMQMessageConsumer.java:536) ~[activemq-client-5.16.0.jar:5.16.0]
	at org.apache.activemq.ActiveMQMessageConsumer.receive(ActiveMQMessageConsumer.java:666) ~[activemq-client-5.16.0.jar:5.16.0]
	at org.springframework.integration.jms.JmsOutboundGateway.receiveReplyMessage(JmsOutboundGateway.java:1208) ~[spring-integration-jms-5.4.1.jar:5.4.1]
	at org.springframework.integration.jms.JmsOutboundGateway.doSendAndReceiveWithTemporaryReplyToDestination(JmsOutboundGateway.java:939) ~[spring-integration-jms-5.4.1.jar:5.4.1]
	at org.springframework.integration.jms.JmsOutboundGateway.sendAndReceiveWithoutContainer(JmsOutboundGateway.java:876) ~[spring-integration-jms-5.4.1.jar:5.4.1]
	at org.springframework.integration.jms.JmsOutboundGateway.handleRequestMessage(JmsOutboundGateway.java:726) ~[spring-integration-jms-5.4.1.jar:5.4.1]
	... 79 common frames omitted
Caused by: java.lang.InterruptedException: null
	at java.lang.Object.wait(Native Method) ~[na:1.8.0_265]
	at org.apache.activemq.FifoMessageDispatchChannel.dequeue(FifoMessageDispatchChannel.java:74) ~[activemq-client-5.16.0.jar:5.16.0]
	at org.apache.activemq.ActiveMQMessageConsumer.dequeue(ActiveMQMessageConsumer.java:499) ~[activemq-client-5.16.0.jar:5.16.0]
	... 84 common frames omitted

2020-11-22 00:06:48.000  INFO 40990 --- [extShutdownHook] o.s.s.concurrent.ThreadPoolTaskExecutor  : Shutting down ExecutorService 'applicationTaskExecutor'
2020-11-22 00:06:48.010  INFO 40990 --- [extShutdownHook] org.ehcache.core.EhcacheManager          : Cache 'get-prices-by-vendor-cache' removed from EhcacheManager.
2020-11-22 00:06:48.011  INFO 40990 --- [extShutdownHook] org.ehcache.core.EhcacheManager          : Cache 'get-prices-by-instrument-cache' removed from EhcacheManager.
2020-11-22 00:06:48.022  INFO 40990 --- [extShutdownHook] o.a.activemq.broker.TransportConnector   : Connector vm://localhost stopped
2020-11-22 00:06:48.022  INFO 40990 --- [extShutdownHook] o.apache.activemq.broker.BrokerService   : Apache ActiveMQ 5.16.0 (localhost, ID:kishors-MacBook-Pro.local-61350-1606003606567-0:1) is shutting down
2020-11-22 00:06:48.029  INFO 40990 --- [extShutdownHook] o.apache.activemq.broker.BrokerService   : Apache ActiveMQ 5.16.0 (localhost, ID:kishors-MacBook-Pro.local-61350-1606003606567-0:1) uptime 1.508 seconds
2020-11-22 00:06:48.030  INFO 40990 --- [extShutdownHook] o.apache.activemq.broker.BrokerService   : Apache ActiveMQ 5.16.0 (localhost, ID:kishors-MacBook-Pro.local-61350-1606003606567-0:1) is shutdown
[INFO] 
[INFO] Results:
[INFO] 
[INFO] Tests run: 6, Failures: 0, Errors: 0, Skipped: 0
[INFO] 
[INFO] ------------------------------------------------------------------------
[INFO] BUILD SUCCESS
[INFO] ------------------------------------------------------------------------
[INFO] Total time:  10.383 s
[INFO] Finished at: 2020-11-22T00:06:48Z
[INFO] ------------------------------------------------------------------------
